Archive member included to satisfy reference by file (symbol)

/home/caroles/xpack-riscv-none-embed-gcc-10.2.0-1.2/bin/../lib/gcc/riscv-none-embed/10.2.0/../../../../riscv-none-embed/lib/rv32im/ilp32/libg.a(lib_a-errno.o)
                              ../_core/syscalls.o (__errno)
/home/caroles/xpack-riscv-none-embed-gcc-10.2.0-1.2/bin/../lib/gcc/riscv-none-embed/10.2.0/../../../../riscv-none-embed/lib/rv32im/ilp32/libg.a(lib_a-exit.o)
                              /home/caroles/xpack-riscv-none-embed-gcc-10.2.0-1.2/bin/../lib/gcc/riscv-none-embed/10.2.0/../../../../riscv-none-embed/lib/rv32im/ilp32/crt0.o (exit)
/home/caroles/xpack-riscv-none-embed-gcc-10.2.0-1.2/bin/../lib/gcc/riscv-none-embed/10.2.0/../../../../riscv-none-embed/lib/rv32im/ilp32/libg.a(lib_a-impure.o)
                              /home/caroles/xpack-riscv-none-embed-gcc-10.2.0-1.2/bin/../lib/gcc/riscv-none-embed/10.2.0/../../../../riscv-none-embed/lib/rv32im/ilp32/libg.a(lib_a-exit.o) (_global_impure_ptr)
/home/caroles/xpack-riscv-none-embed-gcc-10.2.0-1.2/bin/../lib/gcc/riscv-none-embed/10.2.0/../../../../riscv-none-embed/lib/rv32im/ilp32/libg.a(lib_a-init.o)
                              /home/caroles/xpack-riscv-none-embed-gcc-10.2.0-1.2/bin/../lib/gcc/riscv-none-embed/10.2.0/../../../../riscv-none-embed/lib/rv32im/ilp32/crt0.o (__libc_init_array)
/home/caroles/xpack-riscv-none-embed-gcc-10.2.0-1.2/bin/../lib/gcc/riscv-none-embed/10.2.0/../../../../riscv-none-embed/lib/rv32im/ilp32/libg.a(lib_a-memcpy.o)
                              ../_core/syscalls.o (memcpy)
/home/caroles/xpack-riscv-none-embed-gcc-10.2.0-1.2/bin/../lib/gcc/riscv-none-embed/10.2.0/../../../../riscv-none-embed/lib/rv32im/ilp32/libg.a(lib_a-memset.o)
                              /home/caroles/xpack-riscv-none-embed-gcc-10.2.0-1.2/bin/../lib/gcc/riscv-none-embed/10.2.0/../../../../riscv-none-embed/lib/rv32im/ilp32/crt0.o (memset)
/home/caroles/xpack-riscv-none-embed-gcc-10.2.0-1.2/bin/../lib/gcc/riscv-none-embed/10.2.0/../../../../riscv-none-embed/lib/rv32im/ilp32/libg.a(lib_a-printf.o)
                              main_fir_filt.o (printf)
/home/caroles/xpack-riscv-none-embed-gcc-10.2.0-1.2/bin/../lib/gcc/riscv-none-embed/10.2.0/../../../../riscv-none-embed/lib/rv32im/ilp32/libg.a(lib_a-vfprintf.o)
                              /home/caroles/xpack-riscv-none-embed-gcc-10.2.0-1.2/bin/../lib/gcc/riscv-none-embed/10.2.0/../../../../riscv-none-embed/lib/rv32im/ilp32/libg.a(lib_a-printf.o) (_vfprintf_r)
/home/caroles/xpack-riscv-none-embed-gcc-10.2.0-1.2/bin/../lib/gcc/riscv-none-embed/10.2.0/../../../../riscv-none-embed/lib/rv32im/ilp32/libg.a(lib_a-wsetup.o)
                              /home/caroles/xpack-riscv-none-embed-gcc-10.2.0-1.2/bin/../lib/gcc/riscv-none-embed/10.2.0/../../../../riscv-none-embed/lib/rv32im/ilp32/libg.a(lib_a-vfprintf.o) (__swsetup_r)
/home/caroles/xpack-riscv-none-embed-gcc-10.2.0-1.2/bin/../lib/gcc/riscv-none-embed/10.2.0/../../../../riscv-none-embed/lib/rv32im/ilp32/libg.a(lib_a-__call_atexit.o)
                              /home/caroles/xpack-riscv-none-embed-gcc-10.2.0-1.2/bin/../lib/gcc/riscv-none-embed/10.2.0/../../../../riscv-none-embed/lib/rv32im/ilp32/libg.a(lib_a-exit.o) (__call_exitprocs)
/home/caroles/xpack-riscv-none-embed-gcc-10.2.0-1.2/bin/../lib/gcc/riscv-none-embed/10.2.0/../../../../riscv-none-embed/lib/rv32im/ilp32/libg.a(lib_a-fflush.o)
                              /home/caroles/xpack-riscv-none-embed-gcc-10.2.0-1.2/bin/../lib/gcc/riscv-none-embed/10.2.0/../../../../riscv-none-embed/lib/rv32im/ilp32/libg.a(lib_a-vfprintf.o) (_fflush_r)
/home/caroles/xpack-riscv-none-embed-gcc-10.2.0-1.2/bin/../lib/gcc/riscv-none-embed/10.2.0/../../../../riscv-none-embed/lib/rv32im/ilp32/libg.a(lib_a-findfp.o)
                              /home/caroles/xpack-riscv-none-embed-gcc-10.2.0-1.2/bin/../lib/gcc/riscv-none-embed/10.2.0/../../../../riscv-none-embed/lib/rv32im/ilp32/libg.a(lib_a-vfprintf.o) (__sinit)
/home/caroles/xpack-riscv-none-embed-gcc-10.2.0-1.2/bin/../lib/gcc/riscv-none-embed/10.2.0/../../../../riscv-none-embed/lib/rv32im/ilp32/libg.a(lib_a-fini.o)
                              /home/caroles/xpack-riscv-none-embed-gcc-10.2.0-1.2/bin/../lib/gcc/riscv-none-embed/10.2.0/../../../../riscv-none-embed/lib/rv32im/ilp32/libg.a(lib_a-__call_atexit.o) (__libc_fini_array)
/home/caroles/xpack-riscv-none-embed-gcc-10.2.0-1.2/bin/../lib/gcc/riscv-none-embed/10.2.0/../../../../riscv-none-embed/lib/rv32im/ilp32/libg.a(lib_a-freer.o)
                              /home/caroles/xpack-riscv-none-embed-gcc-10.2.0-1.2/bin/../lib/gcc/riscv-none-embed/10.2.0/../../../../riscv-none-embed/lib/rv32im/ilp32/libg.a(lib_a-vfprintf.o) (_free_r)
/home/caroles/xpack-riscv-none-embed-gcc-10.2.0-1.2/bin/../lib/gcc/riscv-none-embed/10.2.0/../../../../riscv-none-embed/lib/rv32im/ilp32/libg.a(lib_a-fwalk.o)
[...]
Memory Configuration

Name             Origin             Length             Attributes
rom              0x0000000000000000 0x000000000000fc00 xrw
ram              0x0000000002000000 0x0000000000000800 xrw
*default*        0x0000000000000000 0xffffffffffffffff

Linker script and memory map

LOAD /home/caroles/xpack-riscv-none-embed-gcc-10.2.0-1.2/bin/../lib/gcc/riscv-none-embed/10.2.0/../../../../riscv-none-embed/lib/rv32im/ilp32/crt0.o
LOAD /home/caroles/xpack-riscv-none-embed-gcc-10.2.0-1.2/bin/../lib/gcc/riscv-none-embed/10.2.0/rv32im/ilp32/crtbegin.o
LOAD main_fir_filt.o
LOAD start.o
LOAD ../_core/syscalls.o
LOAD ../_core/utils.o
LOAD fir_filt.o
LOAD /home/caroles/xpack-riscv-none-embed-gcc-10.2.0-1.2/bin/../lib/gcc/riscv-none-embed/10.2.0/rv32im/ilp32/libgcc.a
START GROUP
LOAD /home/caroles/xpack-riscv-none-embed-gcc-10.2.0-1.2/bin/../lib/gcc/riscv-none-embed/10.2.0/rv32im/ilp32/libgcc.a
LOAD /home/caroles/xpack-riscv-none-embed-gcc-10.2.0-1.2/bin/../lib/gcc/riscv-none-embed/10.2.0/../../../../riscv-none-embed/lib/rv32im/ilp32/libg.a
LOAD /home/caroles/xpack-riscv-none-embed-gcc-10.2.0-1.2/bin/../lib/gcc/riscv-none-embed/10.2.0/../../../../riscv-none-embed/lib/rv32im/ilp32/libc.a
END GROUP
LOAD /home/caroles/xpack-riscv-none-embed-gcc-10.2.0-1.2/bin/../lib/gcc/riscv-none-embed/10.2.0/rv32im/ilp32/libgcc.a
LOAD /home/caroles/xpack-riscv-none-embed-gcc-10.2.0-1.2/bin/../lib/gcc/riscv-none-embed/10.2.0/rv32im/ilp32/crtend.o

.rom            0x0000000000000000      0x5b8
 _pvstart*(.text)
 start*(.text)
 .text          0x0000000000000000       0x58 start.o
                0x0000000000000000                _pvstart
                0x0000000000000100                . = 0x100
 *fill*         0x0000000000000058       0xa8 
                0x0000000000000100                . = ALIGN (0x4)
 *(.text)
 .text          0x0000000000000100       0x54 /home/caroles/xpack-riscv-none-embed-gcc-10.2.0-1.2/bin/../lib/gcc/riscv-none-embed/10.2.0/../../../../riscv-none-embed/lib/rv32im/ilp32/crt0.o
                0x0000000000000100                _start
 .text          0x0000000000000154        0x0 /home/caroles/xpack-riscv-none-embed-gcc-10.2.0-1.2/bin/../lib/gcc/riscv-none-embed/10.2.0/rv32im/ilp32/crtbegin.o
 .text          0x0000000000000154       0x88 main_fir_filt.o
                0x0000000000000154                main
 .text          0x00000000000001dc       0xec ../_core/syscalls.o
                0x00000000000001dc                _getpid
                0x00000000000001dc                _utime
                0x00000000000001dc                _sysconf
                0x00000000000001dc                _ftime
                0x00000000000001dc                _isatty
                0x00000000000001dc                _open
                0x00000000000001dc                _times
                0x00000000000001dc                _stat
                0x00000000000001dc                _chdir
                0x00000000000001dc                _wait
                0x00000000000001dc                _lseek
                0x00000000000001dc                _fstatat
                0x00000000000001dc                _link
                0x00000000000001dc                _chown
                0x00000000000001dc                _access
                0x00000000000001dc                _openat
                0x00000000000001dc                _execve
                0x00000000000001dc                _chmod
                0x00000000000001dc                _lstat
                0x00000000000001dc                _unlink
                0x00000000000001dc                _fork
                0x00000000000001dc                _getcwd
                0x00000000000001dc                _kill
                0x00000000000001dc                _gettimeofday
                0x00000000000001dc                _faccessat
                0x00000000000001e0                unimplemented_syscall
                0x0000000000000204                _read
                0x000000000000020c                _write
                0x0000000000000230                _close
                0x0000000000000238                _fstat
                0x000000000000025c                _sbrk
                0x0000000000000290                _exit
                0x0000000000000294                init_data_section
 .text          0x00000000000002c8       0x10 ../_core/utils.o
                0x00000000000002c8                delay_
 .text          0x00000000000002d8       0x88 fir_filt.o
                0x00000000000002d8                fir_filt_reset
                0x00000000000002f8                fir_filt_enable
                0x0000000000000314                fir_filter_coefficients
                0x0000000000000354                fir_filt_get_output
 .text          0x0000000000000360        0x0 /home/caroles/xpack-riscv-none-embed-gcc-10.2.0-1.2/bin/../lib/gcc/riscv-none-embed/10.2.0/../../../../riscv-none-embed/lib/rv32im/ilp32/libg.a(lib_a-errno.o)
 .text          0x0000000000000360        0x0 /home/caroles/xpack-riscv-none-embed-gcc-10.2.0-1.2/bin/../lib/gcc/riscv-none-embed/10.2.0/../../../../riscv-none-embed/lib/rv32im/ilp32/libg.a(lib_a-exit.o)
 .text          0x0000000000000360        0x0 /home/caroles/xpack-riscv-none-embed-gcc-10.2.0-1.2/bin/../lib/gcc/riscv-none-embed/10.2.0/../../../../riscv-none-embed/lib/rv32im/ilp32/libg.a(lib_a-impure.o)
 .text          0x0000000000000360        0x0 /home/caroles/xpack-riscv-none-embed-gcc-10.2.0-1.2/bin/../lib/gcc/riscv-none-embed/10.2.0/../../../../riscv-none-embed/lib/rv32im/ilp32/libg.a(lib_a-init.o)
 .text          0x0000000000000360        0x0 /home/caroles/xpack-riscv-none-embed-gcc-10.2.0-1.2/bin/../lib/gcc/riscv-none-embed/10.2.0/../../../../riscv-none-embed/lib/rv32im/ilp32/libg.a(lib_a-memcpy.o)
 .text          0x0000000000000360       0xdc /home/caroles/xpack-riscv-none-embed-gcc-10.2.0-1.2/bin/../lib/gcc/riscv-none-embed/10.2.0/../../../../riscv-none-embed/lib/rv32im/ilp32/libg.a(lib_a-memset.o)
                0x0000000000000360                memset
 .text          0x000000000000043c        0x0 /home/caroles/xpack-riscv-none-embed-gcc-10.2.0-1.2/bin/../lib/gcc/riscv-none-embed/10.2.0/../../../../riscv-none-embed/lib/rv32im/ilp32/libg.a(lib_a-printf.o)
 .text          0x000000000000043c        0x0 /home/caroles/xpack-riscv-none-embed-gcc-10.2.0-1.2/bin/../lib/gcc/riscv-none-embed/10.2.0/../../../../riscv-none-embed/lib/rv32im/ilp32/libg.a(lib_a-vfprintf.o)
 .text          0x000000000000043c        0x0 /home/caroles/xpack-riscv-none-embed-gcc-10.2.0-1.2/bin/../lib/gcc/riscv-none-embed/10.2.0/../../../../riscv-none-embed/lib/rv32im/ilp32/libg.a(lib_a-wsetup.o)
 .text          0x000000000000043c        0x0 /home/caroles/xpack-riscv-none-embed-gcc-10.2.0-1.2/bin/../lib/gcc/riscv-none-embed/10.2.0/../../../../riscv-none-embed/lib/rv32im/ilp32/libg.a(lib_a-__call_atexit.o)
 .text          0x000000000000043c        0x0 /home/caroles/xpack-riscv-none-embed-gcc-10.2.0-1.2/bin/../lib/gcc/riscv-none-embed/10.2.0/../../../../riscv-none-embed/lib/rv32im/ilp32/libg.a(lib_a-fflush.o)
 .text          0x000000000000043c        0x0 /home/caroles/xpack-riscv-none-embed-gcc-10.2.0-1.2/bin/../lib/gcc/riscv-none-embed/10.2.0/../../../../riscv-none-embed/lib/rv32im/ilp32/libg.a(lib_a-findfp.o)
 .text          0x000000000000043c        0x0 /home/caroles/xpack-riscv-none-embed-gcc-10.2.0-1.2/bin/../lib/gcc/riscv-none-embed/10.2.0/../../../../riscv-none-embed/lib/rv32im/ilp32/libg.a(lib_a-fini.o)
 .text          0x000000000000043c        0x0 /home/caroles/xpack-riscv-none-embed-gcc-10.2.0-1.2/bin/../lib/gcc/riscv-none-embed/10.2.0/../../../../riscv-none-embed/lib/rv32im/ilp32/libg.a(lib_a-freer.o)
 .text          0x000000000000043c        0x0 /home/caroles/xpack-riscv-none-embed-gcc-10.2.0-1.2/bin/../lib/gcc/riscv-none-embed/10.2.0/../../../../riscv-none-embed/lib/rv32im/ilp32/libg.a(lib_a-fwalk.o)
 .text          0x000000000000043c        0x0 /home/caroles/xpack-riscv-none-embed-gcc-10.2.0-1.2/bin/../lib/gcc/riscv-none-embed/10.2.0/../../../../riscv-none-embed/lib/rv32im/ilp32/libg.a(lib_a-ldtoa.o)
 .text          0x000000000000043c        0x0 /home/caroles/xpack-riscv-none-embed-gcc-10.2.0-1.2/bin/../lib/gcc/riscv-none-embed/10.2.0/../../../../riscv-none-embed/lib/rv32im/ilp32/libg.a(lib_a-localeconv.o)
 .text          0x000000000000043c        0x0 /home/caroles/xpack-riscv-none-embed-gcc-10.2.0-1.2/bin/../lib/gcc/riscv-none-embed/10.2.0/../../../../riscv-none-embed/lib/rv32im/ilp32/libg.a(lib_a-locale.o)
 .text          0x000000000000043c        0x0 /home/caroles/xpack-riscv-none-embed-gcc-10.2.0-1.2/bin/../lib/gcc/riscv-none-embed/10.2.0/../../../../riscv-none-embed/lib/rv32im/ilp32/libg.a(lib_a-makebuf.o)
 .text          0x000000000000043c        0x0 /home/caroles/xpack-riscv-none-embed-gcc-10.2.0-1.2/bin/../lib/gcc/riscv-none-embed/10.2.0/../../../../riscv-none-embed/lib/rv32im/ilp32/libg.a(lib_a-mallocr.o)
 .text          0x000000000000043c        0x0 /home/caroles/xpack-riscv-none-embed-gcc-10.2.0-1.2/bin/../lib/gcc/riscv-none-embed/10.2.0/../../../../riscv-none-embed/lib/rv32im/ilp32/libg.a(lib_a-mbtowc_r.o)
 .text          0x000000000000043c        0x0 /home/caroles/xpack-riscv-none-embed-gcc-10.2.0-1.2/bin/../lib/gcc/riscv-none-embed/10.2.0/../../../../riscv-none-embed/lib/rv32im/ilp32/libg.a(lib_a-memchr.o)
 .text          0x000000000000043c        0x0 /home/caroles/xpack-riscv-none-embed-gcc-10.2.0-1.2/bin/../lib/gcc/riscv-none-embed/10.2.0/../../../../riscv-none-embed/lib/rv32im/ilp32/libg.a(lib_a-mlock.o)
 .text          0x000000000000043c        0x0 /home/caroles/xpack-riscv-none-embed-gcc-10.2.0-1.2/bin/../lib/gcc/riscv-none-embed/10.2.0/../../../../riscv-none-embed/lib/rv32im/ilp32/libg.a(lib_a-mprec.o)
 .text          0x000000000000043c        0x0 /home/caroles/xpack-riscv-none-embed-gcc-10.2.0-1.2/bin/../lib/gcc/riscv-none-embed/10.2.0/../../../../riscv-none-embed/lib/rv32im/ilp32/libg.a(lib_a-sbrkr.o)
 .text          0x000000000000043c        0x0 /home/caroles/xpack-riscv-none-embed-gcc-10.2.0-1.2/bin/../lib/gcc/riscv-none-embed/10.2.0/../../../../riscv-none-embed/lib/rv32im/ilp32/libg.a(lib_a-s_frexp.o)
 .text          0x000000000000043c        0x0 /home/caroles/xpack-riscv-none-embed-gcc-10.2.0-1.2/bin/../lib/gcc/riscv-none-embed/10.2.0/../../../../riscv-none-embed/lib/rv32im/ilp32/libg.a(lib_a-sprintf.o)
 .text          0x000000000000043c        0x0 /home/caroles/xpack-riscv-none-embed-gcc-10.2.0-1.2/bin/../lib/gcc/riscv-none-embed/10.2.0/../../../../riscv-none-embed/lib/rv32im/ilp32/libg.a(lib_a-stdio.o)
 .text          0x000000000000043c      0x17c /home/caroles/xpack-riscv-none-embed-gcc-10.2.0-1.2/bin/../lib/gcc/riscv-none-embed/10.2.0/../../../../riscv-none-embed/lib/rv32im/ilp32/libg.a(lib_a-strcmp.o)
                0x000000000000043c                strcmp
 .text          0x00000000000005b8        0x0 /home/caroles/xpack-riscv-none-embed-gcc-10.2.0-1.2/bin/../lib/gcc/riscv-none-embed/10.2.0/../../../../riscv-none-embed/lib/rv32im/ilp32/libg.a(lib_a-strcpy.o)
 .text          0x00000000000005b8        0x0 /home/caroles/xpack-riscv-none-embed-gcc-10.2.0-1.2/bin/../lib/gcc/riscv-none-embed/10.2.0/../../../../riscv-none-embed/lib/rv32im/ilp32/libg.a(lib_a-strlen.o)
 .text          0x00000000000005b8        0x0 /home/caroles/xpack-riscv-none-embed-gcc-10.2.0-1.2/bin/../lib/gcc/riscv-none-embed/10.2.0/../../../../riscv-none-embed/lib/rv32im/ilp32/libg.a(lib_a-strncpy.o)
 .text          0x00000000000005b8        0x0 /home/caroles/xpack-riscv-none-embed-gcc-10.2.0-1.2/bin/../lib/gcc/riscv-none-embed/10.2.0/../../../../riscv-none-embed/lib/rv32im/ilp32/libg.a(lib_a-svfprintf.o)
 .text          0x00000000000005b8        0x0 /home/caroles/xpack-riscv-none-embed-gcc-10.2.0-1.2/bin/../lib/gcc/riscv-none-embed/10.2.0/../../../../riscv-none-embed/lib/rv32im/ilp32/libg.a(lib_a-vfiprintf.o)
 .text          0x00000000000005b8        0x0 /home/caroles/xpack-riscv-none-embed-gcc-10.2.0-1.2/bin/../lib/gcc/riscv-none-embed/10.2.0/../../../../riscv-none-embed/lib/rv32im/ilp32/libg.a(lib_a-wctomb_r.o)
 .text          0x00000000000005b8        0x0 /home/caroles/xpack-riscv-none-embed-gcc-10.2.0-1.2/bin/../lib/gcc/riscv-none-embed/10.2.0/../../../../riscv-none-embed/lib/rv32im/ilp32/libg.a(lib_a-writer.o)
 .text          0x00000000000005b8        0x0 /home/caroles/xpack-riscv-none-embed-gcc-10.2.0-1.2/bin/../lib/gcc/riscv-none-embed/10.2.0/../../../../riscv-none-embed/lib/rv32im/ilp32/libg.a(lib_a-assert.o)
 .text          0x00000000000005b8        0x0 /home/caroles/xpack-riscv-none-embed-gcc-10.2.0-1.2/bin/../lib/gcc/riscv-none-embed/10.2.0/../../../../riscv-none-embed/lib/rv32im/ilp32/libg.a(lib_a-atexit.o)
 .text          0x00000000000005b8        0x0 /home/caroles/xpack-riscv-none-embed-gcc-10.2.0-1.2/bin/../lib/gcc/riscv-none-embed/10.2.0/../../../../riscv-none-embed/lib/rv32im/ilp32/libg.a(lib_a-callocr.o)
 .text          0x00000000000005b8        0x0 /home/caroles/xpack-riscv-none-embed-gcc-10.2.0-1.2/bin/../lib/gcc/riscv-none-embed/10.2.0/../../../../riscv-none-embed/lib/rv32im/ilp32/libg.a(lib_a-closer.o)
 .text          0x00000000000005b8        0x0 /home/caroles/xpack-riscv-none-embed-gcc-10.2.0-1.2/bin/../lib/gcc/riscv-none-embed/10.2.0/../../../../riscv-none-embed/lib/rv32im/ilp32/libg.a(lib_a-ctype_.o)
 .text          0x00000000000005b8        0x0 /home/caroles/xpack-riscv-none-embed-gcc-10.2.0-1.2/bin/../lib/gcc/riscv-none-embed/10.2.0/../../../../riscv-none-embed/lib/rv32im/ilp32/libg.a(lib_a-fclose.o)
 .text          0x00000000000005b8        0x0 /home/caroles/xpack-riscv-none-embed-gcc-10.2.0-1.2/bin/../lib/gcc/riscv-none-embed/10.2.0/../../../../riscv-none-embed/lib/rv32im/ilp32/libg.a(lib_a-fiprintf.o)
 .text          0x00000000000005b8        0x0 /home/caroles/xpack-riscv-none-embed-gcc-10.2.0-1.2/bin/../lib/gcc/riscv-none-embed/10.2.0/../../../../riscv-none-embed/lib/rv32im/ilp32/libg.a(lib_a-fputwc.o)
 .text          0x00000000000005b8        0x0 /home/caroles/xpack-riscv-none-embed-gcc-10.2.0-1.2/bin/../lib/gcc/riscv-none-embed/10.2.0/../../../../riscv-none-embed/lib/rv32im/ilp32/libg.a(lib_a-fstatr.o)
 .text          0x00000000000005b8        0x0 /home/caroles/xpack-riscv-none-embed-gcc-10.2.0-1.2/bin/../lib/gcc/riscv-none-embed/10.2.0/../../../../riscv-none-embed/lib/rv32im/ilp32/libg.a(lib_a-fvwrite.o)
 .text          0x00000000000005b8        0x0 /home/caroles/xpack-riscv-none-embed-gcc-10.2.0-1.2/bin/../lib/gcc/riscv-none-embed/10.2.0/../../../../riscv-none-embed/lib/rv32im/ilp32/libg.a(lib_a-isattyr.o)
 .text          0x00000000000005b8        0x0 /home/caroles/xpack-riscv-none-embed-gcc-10.2.0-1.2/bin/../lib/gcc/riscv-none-embed/10.2.0/../../../../riscv-none-embed/lib/rv32im/ilp32/libg.a(lib_a-lseekr.o)
 .text          0x00000000000005b8        0x0 /home/caroles/xpack-riscv-none-embed-gcc-10.2.0-1.2/bin/../lib/gcc/riscv-none-embed/10.2.0/../../../../riscv-none-embed/lib/rv32im/ilp32/libg.a(lib_a-memmove-stub.o)
 .text          0x00000000000005b8        0x0 /home/caroles/xpack-riscv-none-embed-gcc-10.2.0-1.2/bin/../lib/gcc/riscv-none-embed/10.2.0/../../../../riscv-none-embed/lib/rv32im/ilp32/libg.a(lib_a-readr.o)
 .text          0x00000000000005b8        0x0 /home/caroles/xpack-riscv-none-embed-gcc-10.2.0-1.2/bin/../lib/gcc/riscv-none-embed/10.2.0/../../../../riscv-none-embed/lib/rv32im/ilp32/libg.a(lib_a-reallocr.o)
 .text          0x00000000000005b8        0x0 /home/caroles/xpack-riscv-none-embed-gcc-10.2.0-1.2/bin/../lib/gcc/riscv-none-embed/10.2.0/../../../../riscv-none-embed/lib/rv32im/ilp32/libg.a(lib_a-reent.o)
 .text          0x00000000000005b8        0x0 /home/caroles/xpack-riscv-none-embed-gcc-10.2.0-1.2/bin/../lib/gcc/riscv-none-embed/10.2.0/../../../../riscv-none-embed/lib/rv32im/ilp32/libg.a(lib_a-svfiprintf.o)
 .text          0x00000000000005b8        0x0 /home/caroles/xpack-riscv-none-embed-gcc-10.2.0-1.2/bin/../lib/gcc/riscv-none-embed/10.2.0/../../../../riscv-none-embed/lib/rv32im/ilp32/libg.a(lib_a-wbuf.o)
 .text          0x00000000000005b8        0x0 /home/caroles/xpack-riscv-none-embed-gcc-10.2.0-1.2/bin/../lib/gcc/riscv-none-embed/10.2.0/../../../../riscv-none-embed/lib/rv32im/ilp32/libg.a(lib_a-wcrtomb.o)
 .text          0x00000000000005b8        0x0 /home/caroles/xpack-riscv-none-embed-gcc-10.2.0-1.2/bin/../lib/gcc/riscv-none-embed/10.2.0/../../../../riscv-none-embed/lib/rv32im/ilp32/libg.a(lib_a-abort.o)
 .text          0x00000000000005b8        0x0 /home/caroles/xpack-riscv-none-embed-gcc-10.2.0-1.2/bin/../lib/gcc/riscv-none-embed/10.2.0/../../../../riscv-none-embed/lib/rv32im/ilp32/libg.a(lib_a-__atexit.o)
 .text          0x00000000000005b8        0x0 /home/caroles/xpack-riscv-none-embed-gcc-10.2.0-1.2/bin/../lib/gcc/riscv-none-embed/10.2.0/../../../../riscv-none-embed/lib/rv32im/ilp32/libg.a(lib_a-signal.o)
 .text          0x00000000000005b8        0x0 /home/caroles/xpack-riscv-none-embed-gcc-10.2.0-1.2/bin/../lib/gcc/riscv-none-embed/10.2.0/../../../../riscv-none-embed/lib/rv32im/ilp32/libg.a(lib_a-signalr.o)
 .text          0x00000000000005b8        0x0 /home/caroles/xpack-riscv-none-embed-gcc-10.2.0-1.2/bin/../lib/gcc/riscv-none-embed/10.2.0/rv32im/ilp32/libgcc.a(_udivdi3.o)
 .text          0x00000000000005b8        0x0 /home/caroles/xpack-riscv-none-embed-gcc-10.2.0-1.2/bin/../lib/gcc/riscv-none-embed/10.2.0/rv32im/ilp32/libgcc.a(_umoddi3.o)
 .text          0x00000000000005b8        0x0 /home/caroles/xpack-riscv-none-embed-gcc-10.2.0-1.2/bin/../lib/gcc/riscv-none-embed/10.2.0/rv32im/ilp32/libgcc.a(divdf3.o)
 .text          0x00000000000005b8        0x0 /home/caroles/xpack-riscv-none-embed-gcc-10.2.0-1.2/bin/../lib/gcc/riscv-none-embed/10.2.0/rv32im/ilp32/libgcc.a(muldf3.o)
 .text          0x00000000000005b8        0x0 /home/caroles/xpack-riscv-none-embed-gcc-10.2.0-1.2/bin/../lib/gcc/riscv-none-embed/10.2.0/rv32im/ilp32/libgcc.a(eqtf2.o)
 .text          0x00000000000005b8        0x0 /home/caroles/xpack-riscv-none-embed-gcc-10.2.0-1.2/bin/../lib/gcc/riscv-none-embed/10.2.0/rv32im/ilp32/libgcc.a(getf2.o)
 .text          0x00000000000005b8        0x0 /home/caroles/xpack-riscv-none-embed-gcc-10.2.0-1.2/bin/../lib/gcc/riscv-none-embed/10.2.0/rv32im/ilp32/libgcc.a(letf2.o)
 .text          0x00000000000005b8        0x0 /home/caroles/xpack-riscv-none-embed-gcc-10.2.0-1.2/bin/../lib/gcc/riscv-none-embed/10.2.0/rv32im/ilp32/libgcc.a(multf3.o)
 .text          0x00000000000005b8        0x0 /home/caroles/xpack-riscv-none-embed-gcc-10.2.0-1.2/bin/../lib/gcc/riscv-none-embed/10.2.0/rv32im/ilp32/libgcc.a(subtf3.o)
 .text          0x00000000000005b8        0x0 /home/caroles/xpack-riscv-none-embed-gcc-10.2.0-1.2/bin/../lib/gcc/riscv-none-embed/10.2.0/rv32im/ilp32/libgcc.a(fixtfsi.o)
 .text          0x00000000000005b8        0x0 /home/caroles/xpack-riscv-none-embed-gcc-10.2.0-1.2/bin/../lib/gcc/riscv-none-embed/10.2.0/rv32im/ilp32/libgcc.a(floatsitf.o)
 .text          0x00000000000005b8        0x0 /home/caroles/xpack-riscv-none-embed-gcc-10.2.0-1.2/bin/../lib/gcc/riscv-none-embed/10.2.0/rv32im/ilp32/libgcc.a(extenddftf2.o)
 .text          0x00000000000005b8        0x0 /home/caroles/xpack-riscv-none-embed-gcc-10.2.0-1.2/bin/../lib/gcc/riscv-none-embed/10.2.0/rv32im/ilp32/libgcc.a(trunctfdf2.o)
 .text          0x00000000000005b8        0x0 /home/caroles/xpack-riscv-none-embed-gcc-10.2.0-1.2/bin/../lib/gcc/riscv-none-embed/10.2.0/rv32im/ilp32/libgcc.a(_clz.o)
 .text          0x00000000000005b8        0x0 /home/caroles/xpack-riscv-none-embed-gcc-10.2.0-1.2/bin/../lib/gcc/riscv-none-embed/10.2.0/rv32im/ilp32/libgcc.a(_clzsi2.o)
 .text          0x00000000000005b8        0x0 /home/caroles/xpack-riscv-none-embed-gcc-10.2.0-1.2/bin/../lib/gcc/riscv-none-embed/10.2.0/rv32im/ilp32/crtend.o

.text.__do_global_dtors_aux
                0x00000000000005b8       0x4c
 .text.__do_global_dtors_aux
                0x00000000000005b8       0x4c /home/caroles/xpack-riscv-none-embed-gcc-10.2.0-1.2/bin/../lib/gcc/riscv-none-embed/10.2.0/rv32im/ilp32/crtbegin.o

.text.frame_dummy
                0x0000000000000604       0x24
 .text.frame_dummy
                0x0000000000000604       0x24 /home/caroles/xpack-riscv-none-embed-gcc-10.2.0-1.2/bin/../lib/gcc/riscv-none-embed/10.2.0/rv32im/ilp32/crtbegin.o

.text.trap      0x0000000000000628       0xc8
 .text.trap     0x0000000000000628       0xc8 start.o
                0x0000000000000628                trap_entry

.text.irq       0x00000000000006f0       0xa8
 .text.irq      0x00000000000006f0       0xa8 start.o
                0x00000000000006f0                irq_entry

.init           0x0000000000000798       0x84
 .init          0x0000000000000798       0x84 start.o

.text.__errno   0x000000000000081c        0xc
 .text.__errno  0x000000000000081c        0xc /home/caroles/xpack-riscv-none-embed-gcc-10.2.0-1.2/bin/../lib/gcc/riscv-none-embed/10.2.0/../../../../riscv-none-embed/lib/rv32im/ilp32/libg.a(lib_a-errno.o)
                0x000000000000081c                __errno

.text.exit      0x0000000000000828       0x34
 .text.exit     0x0000000000000828       0x34 /home/caroles/xpack-riscv-none-embed-gcc-10.2.0-1.2/bin/../lib/gcc/riscv-none-embed/10.2.0/../../../../riscv-none-embed/lib/rv32im/ilp32/libg.a(lib_a-exit.o)
                0x0000000000000828                exit

.text.__libc_init_array
                0x000000000000085c       0x84
 .text.__libc_init_array
                0x000000000000085c       0x84 /home/caroles/xpack-riscv-none-embed-gcc-10.2.0-1.2/bin/../lib/gcc/riscv-none-embed/10.2.0/../../../../riscv-none-embed/lib/rv32im/ilp32/libg.a(lib_a-init.o)
                0x000000000000085c                __libc_init_array

.text.memcpy    0x00000000000008e0      0x128
 .text.memcpy   0x00000000000008e0      0x128 /home/caroles/xpack-riscv-none-embed-gcc-10.2.0-1.2/bin/../lib/gcc/riscv-none-embed/10.2.0/../../../../riscv-none-embed/lib/rv32im/ilp32/libg.a(lib_a-memcpy.o)
                0x00000000000008e0                memcpy

.text._printf_r
                0x0000000000000a08       0x40
 .text._printf_r
                0x0000000000000a08       0x40 /home/caroles/xpack-riscv-none-embed-gcc-10.2.0-1.2/bin/../lib/gcc/riscv-none-embed/10.2.0/../../../../riscv-none-embed/lib/rv32im/ilp32/libg.a(lib_a-printf.o)
                0x0000000000000a08                _printf_r

.text.printf    0x0000000000000a48       0x50
 .text.printf   0x0000000000000a48       0x50 /home/caroles/xpack-riscv-none-embed-gcc-10.2.0-1.2/bin/../lib/gcc/riscv-none-embed/10.2.0/../../../../riscv-none-embed/lib/rv32im/ilp32/libg.a(lib_a-printf.o)
                0x0000000000000a48                printf

.text._vfprintf_r
                0x0000000000000a98     0x2a68
 .text._vfprintf_r
                0x0000000000000a98     0x2a68 /home/caroles/xpack-riscv-none-embed-gcc-10.2.0-1.2/bin/../lib/gcc/riscv-none-embed/10.2.0/../../../../riscv-none-embed/lib/rv32im/ilp32/libg.a(lib_a-vfprintf.o)
                0x0000000000000a98                _vfprintf_r

.text.vfprintf  0x0000000000003500       0x18
 .text.vfprintf
                0x0000000000003500       0x18 /home/caroles/xpack-riscv-none-embed-gcc-10.2.0-1.2/bin/../lib/gcc/riscv-none-embed/10.2.0/../../../../riscv-none-embed/lib/rv32im/ilp32/libg.a(lib_a-vfprintf.o)
                0x0000000000003500                vfprintf

.text.__sbprintf
                0x0000000000003518      0x180
 .text.__sbprintf
                0x0000000000003518       0xc0 /home/caroles/xpack-riscv-none-embed-gcc-10.2.0-1.2/bin/../lib/gcc/riscv-none-embed/10.2.0/../../../../riscv-none-embed/lib/rv32im/ilp32/libg.a(lib_a-vfprintf.o)
 .text.__sbprintf
                0x00000000000035d8       0xc0 /home/caroles/xpack-riscv-none-embed-gcc-10.2.0-1.2/bin/../lib/gcc/riscv-none-embed/10.2.0/../../../../riscv-none-embed/lib/rv32im/ilp32/libg.a(lib_a-vfiprintf.o)

.text.__swsetup_r
                0x0000000000003698      0x16c
 .text.__swsetup_r
                0x0000000000003698      0x16c /home/caroles/xpack-riscv-none-embed-gcc-10.2.0-1.2/bin/../lib/gcc/riscv-none-embed/10.2.0/../../../../riscv-none-embed/lib/rv32im/ilp32/libg.a(lib_a-wsetup.o)
                0x0000000000003698                __swsetup_r

.text.startup.register_fini
                0x0000000000003804       0x18
 .text.startup.register_fini
                0x0000000000003804       0x18 /home/caroles/xpack-riscv-none-embed-gcc-10.2.0-1.2/bin/../lib/gcc/riscv-none-embed/10.2.0/../../../../riscv-none-embed/lib/rv32im/ilp32/libg.a(lib_a-__call_atexit.o)

.text.__call_exitprocs
                0x000000000000381c      0x124
 .text.__call_exitprocs
                0x000000000000381c      0x124 /home/caroles/xpack-riscv-none-embed-gcc-10.2.0-1.2/bin/../lib/gcc/riscv-none-embed/10.2.0/../../../../riscv-none-embed/lib/rv32im/ilp32/libg.a(lib_a-__call_atexit.o)
                0x000000000000381c                __call_exitprocs

.text.__sflush_r
                0x0000000000003940      0x264
 .text.__sflush_r
                0x0000000000003940      0x264 /home/caroles/xpack-riscv-none-embed-gcc-10.2.0-1.2/bin/../lib/gcc/riscv-none-embed/10.2.0/../../../../riscv-none-embed/lib/rv32im/ilp32/libg.a(lib_a-fflush.o)
                0x0000000000003940                __sflush_r

.text._fflush_r
                0x0000000000003ba4       0x60
 .text._fflush_r
                0x0000000000003ba4       0x60 /home/caroles/xpack-riscv-none-embed-gcc-10.2.0-1.2/bin/../lib/gcc/riscv-none-embed/10.2.0/../../../../riscv-none-embed/lib/rv32im/ilp32/libg.a(lib_a-fflush.o)
                0x0000000000003ba4                _fflush_r

.text.fflush    0x0000000000003c04       0x84
 .text.fflush   0x0000000000003c04       0x84 /home/caroles/xpack-riscv-none-embed-gcc-10.2.0-1.2/bin/../lib/gcc/riscv-none-embed/10.2.0/../../../../riscv-none-embed/lib/rv32im/ilp32/libg.a(lib_a-fflush.o)
                0x0000000000003c04                fflush

.text.__fp_lock
                0x0000000000003c88        0x8
 .text.__fp_lock
                0x0000000000003c88        0x8 /home/caroles/xpack-riscv-none-embed-gcc-10.2.0-1.2/bin/../lib/gcc/riscv-none-embed/10.2.0/../../../../riscv-none-embed/lib/rv32im/ilp32/libg.a(lib_a-findfp.o)

.text._cleanup_r
                0x0000000000003c90        0xc
 .text._cleanup_r
                0x0000000000003c90        0xc /home/caroles/xpack-riscv-none-embed-gcc-10.2.0-1.2/bin/../lib/gcc/riscv-none-embed/10.2.0/../../../../riscv-none-embed/lib/rv32im/ilp32/libg.a(lib_a-findfp.o)
                0x0000000000003c90                _cleanup_r

.text.__fp_unlock
                0x0000000000003c9c        0x8
 .text.__fp_unlock
                0x0000000000003c9c        0x8 /home/caroles/xpack-riscv-none-embed-gcc-10.2.0-1.2/bin/../lib/gcc/riscv-none-embed/10.2.0/../../../../riscv-none-embed/lib/rv32im/ilp32/libg.a(lib_a-findfp.o)

.text.__sinit.part.0
                0x0000000000003ca4      0x184
 .text.__sinit.part.0
                0x0000000000003ca4      0x184 /home/caroles/xpack-riscv-none-embed-gcc-10.2.0-1.2/bin/../lib/gcc/riscv-none-embed/10.2.0/../../../../riscv-none-embed/lib/rv32im/ilp32/libg.a(lib_a-findfp.o)

.text.__sfmoreglue
                0x0000000000003e28       0x6c
 .text.__sfmoreglue
                0x0000000000003e28       0x6c /home/caroles/xpack-riscv-none-embed-gcc-10.2.0-1.2/bin/../lib/gcc/riscv-none-embed/10.2.0/../../../../riscv-none-embed/lib/rv32im/ilp32/libg.a(lib_a-findfp.o)
                0x0000000000003e28                __sfmoreglue

.text.__sfp     0x0000000000003e94      0x138
 .text.__sfp    0x0000000000003e94      0x138 /home/caroles/xpack-riscv-none-embed-gcc-10.2.0-1.2/bin/../lib/gcc/riscv-none-embed/10.2.0/../../../../riscv-none-embed/lib/rv32im/ilp32/libg.a(lib_a-findfp.o)
                0x0000000000003e94                __sfp

.text._cleanup  0x0000000000003fcc       0x14
 .text._cleanup
                0x0000000000003fcc       0x14 /home/caroles/xpack-riscv-none-embed-gcc-10.2.0-1.2/bin/../lib/gcc/riscv-none-embed/10.2.0/../../../../riscv-none-embed/lib/rv32im/ilp32/libg.a(lib_a-findfp.o)
                0x0000000000003fcc                _cleanup

.text.__sinit   0x0000000000003fe0       0x10
 .text.__sinit  0x0000000000003fe0       0x10 /home/caroles/xpack-riscv-none-embed-gcc-10.2.0-1.2/bin/../lib/gcc/riscv-none-embed/10.2.0/../../../../riscv-none-embed/lib/rv32im/ilp32/libg.a(lib_a-findfp.o)
                0x0000000000003fe0                __sinit

.text.__sfp_lock_acquire
                0x0000000000003ff0        0x4
 .text.__sfp_lock_acquire
                0x0000000000003ff0        0x4 /home/caroles/xpack-riscv-none-embed-gcc-10.2.0-1.2/bin/../lib/gcc/riscv-none-embed/10.2.0/../../../../riscv-none-embed/lib/rv32im/ilp32/libg.a(lib_a-findfp.o)
                0x0000000000003ff0                __sfp_lock_acquire

.text.__sfp_lock_release
                0x0000000000003ff4        0x4
 .text.__sfp_lock_release
                0x0000000000003ff4        0x4 /home/caroles/xpack-riscv-none-embed-gcc-10.2.0-1.2/bin/../lib/gcc/riscv-none-embed/10.2.0/../../../../riscv-none-embed/lib/rv32im/ilp32/libg.a(lib_a-findfp.o)
                0x0000000000003ff4                __sfp_lock_release

.text.__sinit_lock_acquire
                0x0000000000003ff8        0x4
 .text.__sinit_lock_acquire
                0x0000000000003ff8        0x4 /home/caroles/xpack-riscv-none-embed-gcc-10.2.0-1.2/bin/../lib/gcc/riscv-none-embed/10.2.0/../../../../riscv-none-embed/lib/rv32im/ilp32/libg.a(lib_a-findfp.o)
                0x0000000000003ff8                __sinit_lock_acquire

.text.__sinit_lock_release
                0x0000000000003ffc        0x4
 .text.__sinit_lock_release
                0x0000000000003ffc        0x4 /home/caroles/xpack-riscv-none-embed-gcc-10.2.0-1.2/bin/../lib/gcc/riscv-none-embed/10.2.0/../../../../riscv-none-embed/lib/rv32im/ilp32/libg.a(lib_a-findfp.o)
                0x0000000000003ffc                __sinit_lock_release

.text.__fp_lock_all
                0x0000000000004000       0x14
 .text.__fp_lock_all
                0x0000000000004000       0x14 /home/caroles/xpack-riscv-none-embed-gcc-10.2.0-1.2/bin/../lib/gcc/riscv-none-embed/10.2.0/../../../../riscv-none-embed/lib/rv32im/ilp32/libg.a(lib_a-findfp.o)
                0x0000000000004000                __fp_lock_all

.text.__fp_unlock_all
                0x0000000000004014       0x14
 .text.__fp_unlock_all
                0x0000000000004014       0x14 /home/caroles/xpack-riscv-none-embed-gcc-10.2.0-1.2/bin/../lib/gcc/riscv-none-embed/10.2.0/../../../../riscv-none-embed/lib/rv32im/ilp32/libg.a(lib_a-findfp.o)
                0x0000000000004014                __fp_unlock_all

.text.__libc_fini_array
                0x0000000000004028       0x54
 .text.__libc_fini_array
                0x0000000000004028       0x54 /home/caroles/xpack-riscv-none-embed-gcc-10.2.0-1.2/bin/../lib/gcc/riscv-none-embed/10.2.0/../../../../riscv-none-embed/lib/rv32im/ilp32/libg.a(lib_a-fini.o)
                0x0000000000004028                __libc_fini_array

.text._malloc_trim_r
                0x000000000000407c      0x140
 .text._malloc_trim_r
                0x000000000000407c      0x140 /home/caroles/xpack-riscv-none-embed-gcc-10.2.0-1.2/bin/../lib/gcc/riscv-none-embed/10.2.0/../../../../riscv-none-embed/lib/rv32im/ilp32/libg.a(lib_a-freer.o)
                0x000000000000407c                _malloc_trim_r

.text._free_r   0x00000000000041bc      0x314
 .text._free_r  0x00000000000041bc      0x314 /home/caroles/xpack-riscv-none-embed-gcc-10.2.0-1.2/bin/../lib/gcc/riscv-none-embed/10.2.0/../../../../riscv-none-embed/lib/rv32im/ilp32/libg.a(lib_a-freer.o)
                0x00000000000041bc                _free_r

.text._fwalk    0x00000000000044d0       0xa4
 .text._fwalk   0x00000000000044d0       0xa4 /home/caroles/xpack-riscv-none-embed-gcc-10.2.0-1.2/bin/../lib/gcc/riscv-none-embed/10.2.0/../../../../riscv-none-embed/lib/rv32im/ilp32/libg.a(lib_a-fwalk.o)
                0x00000000000044d0                _fwalk

.text._fwalk_reent
                0x0000000000004574       0xb4
 .text._fwalk_reent
                0x0000000000004574       0xb4 /home/caroles/xpack-riscv-none-embed-gcc-10.2.0-1.2/bin/../lib/gcc/riscv-none-embed/10.2.0/../../../../riscv-none-embed/lib/rv32im/ilp32/libg.a(lib_a-fwalk.o)
                0x0000000000004574                _fwalk_reent

.text.eshdn1    0x0000000000004628       0x68
 .text.eshdn1   0x0000000000004628       0x68 /home/caroles/xpack-riscv-none-embed-gcc-10.2.0-1.2/bin/../lib/gcc/riscv-none-embed/10.2.0/../../../../riscv-none-embed/lib/rv32im/ilp32/libg.a(lib_a-ldtoa.o)

.text.eshup1    0x0000000000004690       0x70
 .text.eshup1   0x0000000000004690       0x70 /home/caroles/xpack-riscv-none-embed-gcc-10.2.0-1.2/bin/../lib/gcc/riscv-none-embed/10.2.0/../../../../riscv-none-embed/lib/rv32im/ilp32/libg.a(lib_a-ldtoa.o)

.text.m16m      0x0000000000004700       0x98
 .text.m16m     0x0000000000004700       0x98 /home/caroles/xpack-riscv-none-embed-gcc-10.2.0-1.2/bin/../lib/gcc/riscv-none-embed/10.2.0/../../../../riscv-none-embed/lib/rv32im/ilp32/libg.a(lib_a-ldtoa.o)

.text.emovo.constprop.0
                0x0000000000004798       0xbc
 .text.emovo.constprop.0
                0x0000000000004798       0xbc /home/caroles/xpack-riscv-none-embed-gcc-10.2.0-1.2/bin/../lib/gcc/riscv-none-embed/10.2.0/../../../../riscv-none-embed/lib/rv32im/ilp32/libg.a(lib_a-ldtoa.o)

.text.enormlz   0x0000000000004854      0x17c
 .text.enormlz  0x0000000000004854      0x17c /home/caroles/xpack-riscv-none-embed-gcc-10.2.0-1.2/bin/../lib/gcc/riscv-none-embed/10.2.0/../../../../riscv-none-embed/lib/rv32im/ilp32/libg.a(lib_a-ldtoa.o)

.text.eshift.part.0
                0x00000000000049d0      0x220
 .text.eshift.part.0
                0x00000000000049d0      0x220 /home/caroles/xpack-riscv-none-embed-gcc-10.2.0-1.2/bin/../lib/gcc/riscv-none-embed/10.2.0/../../../../riscv-none-embed/lib/rv32im/ilp32/libg.a(lib_a-ldtoa.o)

.text.emovi     0x0000000000004bf0       0xb4
 .text.emovi    0x0000000000004bf0       0xb4 /home/caroles/xpack-riscv-none-embed-gcc-10.2.0-1.2/bin/../lib/gcc/riscv-none-embed/10.2.0/../../../../riscv-none-embed/lib/rv32im/ilp32/libg.a(lib_a-ldtoa.o)

.text.ecmp      0x0000000000004ca4      0x13c
 .text.ecmp     0x0000000000004ca4      0x13c /home/caroles/xpack-riscv-none-embed-gcc-10.2.0-1.2/bin/../lib/gcc/riscv-none-embed/10.2.0/../../../../riscv-none-embed/lib/rv32im/ilp32/libg.a(lib_a-ldtoa.o)

.text.emdnorm   0x0000000000004de0      0x408
 .text.emdnorm  0x0000000000004de0      0x408 /home/caroles/xpack-riscv-none-embed-gcc-10.2.0-1.2/bin/../lib/gcc/riscv-none-embed/10.2.0/../../../../riscv-none-embed/lib/rv32im/ilp32/libg.a(lib_a-ldtoa.o)

.text.eiremain  0x00000000000051e8      0x164
 .text.eiremain
                0x00000000000051e8      0x164 /home/caroles/xpack-riscv-none-embed-gcc-10.2.0-1.2/bin/../lib/gcc/riscv-none-embed/10.2.0/../../../../riscv-none-embed/lib/rv32im/ilp32/libg.a(lib_a-ldtoa.o)

.text.emul      0x000000000000534c      0x4b4
 .text.emul     0x000000000000534c      0x4b4 /home/caroles/xpack-riscv-none-embed-gcc-10.2.0-1.2/bin/../lib/gcc/riscv-none-embed/10.2.0/../../../../riscv-none-embed/lib/rv32im/ilp32/libg.a(lib_a-ldtoa.o)

.text.ediv      0x0000000000005800      0x5a0
 .text.ediv     0x0000000000005800      0x5a0 /home/caroles/xpack-riscv-none-embed-gcc-10.2.0-1.2/bin/../lib/gcc/riscv-none-embed/10.2.0/../../../../riscv-none-embed/lib/rv32im/ilp32/libg.a(lib_a-ldtoa.o)

.text.e113toe.isra.0
                0x0000000000005da0      0x170
 .text.e113toe.isra.0
                0x0000000000005da0      0x170 /home/caroles/xpack-riscv-none-embed-gcc-10.2.0-1.2/bin/../lib/gcc/riscv-none-embed/10.2.0/../../../../riscv-none-embed/lib/rv32im/ilp32/libg.a(lib_a-ldtoa.o)

.text._ldtoa_r  0x0000000000005f10     0x1280
 .text._ldtoa_r
                0x0000000000005f10     0x1280 /home/caroles/xpack-riscv-none-embed-gcc-10.2.0-1.2/bin/../lib/gcc/riscv-none-embed/10.2.0/../../../../riscv-none-embed/lib/rv32im/ilp32/libg.a(lib_a-ldtoa.o)
                0x0000000000005f10                _ldtoa_r

.text._ldcheck  0x0000000000007190       0x78
 .text._ldcheck
                0x0000000000007190       0x78 /home/caroles/xpack-riscv-none-embed-gcc-10.2.0-1.2/bin/../lib/gcc/riscv-none-embed/10.2.0/../../../../riscv-none-embed/lib/rv32im/ilp32/libg.a(lib_a-ldtoa.o)
                0x0000000000007190                _ldcheck

.text.__localeconv_l
                0x0000000000007208        0x8
 .text.__localeconv_l
                0x0000000000007208        0x8 /home/caroles/xpack-riscv-none-embed-gcc-10.2.0-1.2/bin/../lib/gcc/riscv-none-embed/10.2.0/../../../../riscv-none-embed/lib/rv32im/ilp32/libg.a(lib_a-localeconv.o)
                0x0000000000007208                __localeconv_l

.text._localeconv_r
                0x0000000000007210        0x8
 .text._localeconv_r
                0x0000000000007210        0x8 /home/caroles/xpack-riscv-none-embed-gcc-10.2.0-1.2/bin/../lib/gcc/riscv-none-embed/10.2.0/../../../../riscv-none-embed/lib/rv32im/ilp32/libg.a(lib_a-localeconv.o)
                0x0000000000007210                _localeconv_r

.text.localeconv
                0x0000000000007218        0x8
 .text.localeconv
                0x0000000000007218        0x8 /home/caroles/xpack-riscv-none-embed-gcc-10.2.0-1.2/bin/../lib/gcc/riscv-none-embed/10.2.0/../../../../riscv-none-embed/lib/rv32im/ilp32/libg.a(lib_a-localeconv.o)
                0x0000000000007218                localeconv

.text._setlocale_r
                0x0000000000007220       0x7c
 .text._setlocale_r
                0x0000000000007220       0x7c /home/caroles/xpack-riscv-none-embed-gcc-10.2.0-1.2/bin/../lib/gcc/riscv-none-embed/10.2.0/../../../../riscv-none-embed/lib/rv32im/ilp32/libg.a(lib_a-locale.o)
                0x0000000000007220                _setlocale_r

.text.__locale_mb_cur_max
                0x000000000000729c        0x8
 .text.__locale_mb_cur_max
                0x000000000000729c        0x8 /home/caroles/xpack-riscv-none-embed-gcc-10.2.0-1.2/bin/../lib/gcc/riscv-none-embed/10.2.0/../../../../riscv-none-embed/lib/rv32im/ilp32/libg.a(lib_a-locale.o)
                0x000000000000729c                __locale_mb_cur_max

.text.setlocale
                0x00000000000072a4       0x7c
 .text.setlocale
                0x00000000000072a4       0x7c /home/caroles/xpack-riscv-none-embed-gcc-10.2.0-1.2/bin/../lib/gcc/riscv-none-embed/10.2.0/../../../../riscv-none-embed/lib/rv32im/ilp32/libg.a(lib_a-locale.o)
                0x00000000000072a4                setlocale

.text.__smakebuf_r
                0x0000000000007320      0x190
 .text.__smakebuf_r
                0x0000000000007320      0x190 /home/caroles/xpack-riscv-none-embed-gcc-10.2.0-1.2/bin/../lib/gcc/riscv-none-embed/10.2.0/../../../../riscv-none-embed/lib/rv32im/ilp32/libg.a(lib_a-makebuf.o)
                0x0000000000007320                __smakebuf_r

.text.__swhatbuf_r
                0x00000000000074b0       0xd0
 .text.__swhatbuf_r
                0x00000000000074b0       0xd0 /home/caroles/xpack-riscv-none-embed-gcc-10.2.0-1.2/bin/../lib/gcc/riscv-none-embed/10.2.0/../../../../riscv-none-embed/lib/rv32im/ilp32/libg.a(lib_a-makebuf.o)
                0x00000000000074b0                __swhatbuf_r

.text._malloc_r
                0x0000000000007580      0x7bc
 .text._malloc_r
                0x0000000000007580      0x7bc /home/caroles/xpack-riscv-none-embed-gcc-10.2.0-1.2/bin/../lib/gcc/riscv-none-embed/10.2.0/../../../../riscv-none-embed/lib/rv32im/ilp32/libg.a(lib_a-mallocr.o)
                0x0000000000007580                _malloc_r

.text._mbtowc_r
                0x0000000000007d3c        0x8
 .text._mbtowc_r
                0x0000000000007d3c        0x8 /home/caroles/xpack-riscv-none-embed-gcc-10.2.0-1.2/bin/../lib/gcc/riscv-none-embed/10.2.0/../../../../riscv-none-embed/lib/rv32im/ilp32/libg.a(lib_a-mbtowc_r.o)
                0x0000000000007d3c                _mbtowc_r

.text.__ascii_mbtowc
                0x0000000000007d44       0x68
 .text.__ascii_mbtowc
                0x0000000000007d44       0x68 /home/caroles/xpack-riscv-none-embed-gcc-10.2.0-1.2/bin/../lib/gcc/riscv-none-embed/10.2.0/../../../../riscv-none-embed/lib/rv32im/ilp32/libg.a(lib_a-mbtowc_r.o)
                0x0000000000007d44                __ascii_mbtowc

.text.memchr    0x0000000000007dac       0xc8
 .text.memchr   0x0000000000007dac       0xc8 /home/caroles/xpack-riscv-none-embed-gcc-10.2.0-1.2/bin/../lib/gcc/riscv-none-embed/10.2.0/../../../../riscv-none-embed/lib/rv32im/ilp32/libg.a(lib_a-memchr.o)
                0x0000000000007dac                memchr

.text.__malloc_lock
                0x0000000000007e74        0x4
 .text.__malloc_lock
                0x0000000000007e74        0x4 /home/caroles/xpack-riscv-none-embed-gcc-10.2.0-1.2/bin/../lib/gcc/riscv-none-embed/10.2.0/../../../../riscv-none-embed/lib/rv32im/ilp32/libg.a(lib_a-mlock.o)
                0x0000000000007e74                __malloc_lock

.text.__malloc_unlock
                0x0000000000007e78        0x4
 .text.__malloc_unlock
                0x0000000000007e78        0x4 /home/caroles/xpack-riscv-none-embed-gcc-10.2.0-1.2/bin/../lib/gcc/riscv-none-embed/10.2.0/../../../../riscv-none-embed/lib/rv32im/ilp32/libg.a(lib_a-mlock.o)
                0x0000000000007e78                __malloc_unlock

.text._Balloc   0x0000000000007e7c       0xa8
 .text._Balloc  0x0000000000007e7c       0xa8 /home/caroles/xpack-riscv-none-embed-gcc-10.2.0-1.2/bin/../lib/gcc/riscv-none-embed/10.2.0/../../../../riscv-none-embed/lib/rv32im/ilp32/libg.a(lib_a-mprec.o)
                0x0000000000007e7c                _Balloc

.text._Bfree    0x0000000000007f24       0x24
 .text._Bfree   0x0000000000007f24       0x24 /home/caroles/xpack-riscv-none-embed-gcc-10.2.0-1.2/bin/../lib/gcc/riscv-none-embed/10.2.0/../../../../riscv-none-embed/lib/rv32im/ilp32/libg.a(lib_a-mprec.o)
                0x0000000000007f24                _Bfree

.text.__multadd
                0x0000000000007f48      0x14c
 .text.__multadd
                0x0000000000007f48      0x14c /home/caroles/xpack-riscv-none-embed-gcc-10.2.0-1.2/bin/../lib/gcc/riscv-none-embed/10.2.0/../../../../riscv-none-embed/lib/rv32im/ilp32/libg.a(lib_a-mprec.o)
                0x0000000000007f48                __multadd

.text.__s2b     0x0000000000008094      0x134
 .text.__s2b    0x0000000000008094      0x134 /home/caroles/xpack-riscv-none-embed-gcc-10.2.0-1.2/bin/../lib/gcc/riscv-none-embed/10.2.0/../../../../riscv-none-embed/lib/rv32im/ilp32/libg.a(lib_a-mprec.o)
                0x0000000000008094                __s2b

.text.__hi0bits
                0x00000000000081c8       0x78
 .text.__hi0bits
                0x00000000000081c8       0x78 /home/caroles/xpack-riscv-none-embed-gcc-10.2.0-1.2/bin/../lib/gcc/riscv-none-embed/10.2.0/../../../../riscv-none-embed/lib/rv32im/ilp32/libg.a(lib_a-mprec.o)
                0x00000000000081c8                __hi0bits

.text.__lo0bits
                0x0000000000008240       0xe0
 .text.__lo0bits
                0x0000000000008240       0xe0 /home/caroles/xpack-riscv-none-embed-gcc-10.2.0-1.2/bin/../lib/gcc/riscv-none-embed/10.2.0/../../../../riscv-none-embed/lib/rv32im/ilp32/libg.a(lib_a-mprec.o)
                0x0000000000008240                __lo0bits

.text.__i2b     0x0000000000008320       0xb0
 .text.__i2b    0x0000000000008320       0xb0 /home/caroles/xpack-riscv-none-embed-gcc-10.2.0-1.2/bin/../lib/gcc/riscv-none-embed/10.2.0/../../../../riscv-none-embed/lib/rv32im/ilp32/libg.a(lib_a-mprec.o)
                0x0000000000008320                __i2b

.text.__multiply
                0x00000000000083d0      0x234
 .text.__multiply
                0x00000000000083d0      0x234 /home/caroles/xpack-riscv-none-embed-gcc-10.2.0-1.2/bin/../lib/gcc/riscv-none-embed/10.2.0/../../../../riscv-none-embed/lib/rv32im/ilp32/libg.a(lib_a-mprec.o)
                0x00000000000083d0                __multiply

.text.__pow5mult
                0x0000000000008604      0x158
 .text.__pow5mult
                0x0000000000008604      0x158 /home/caroles/xpack-riscv-none-embed-gcc-10.2.0-1.2/bin/../lib/gcc/riscv-none-embed/10.2.0/../../../../riscv-none-embed/lib/rv32im/ilp32/libg.a(lib_a-mprec.o)
                0x0000000000008604                __pow5mult

.text.__lshift  0x000000000000875c      0x190
 .text.__lshift
                0x000000000000875c      0x190 /home/caroles/xpack-riscv-none-embed-gcc-10.2.0-1.2/bin/../lib/gcc/riscv-none-embed/10.2.0/../../../../riscv-none-embed/lib/rv32im/ilp32/libg.a(lib_a-mprec.o)
                0x000000000000875c                __lshift

.text.__mcmp    0x00000000000088ec       0x58
 .text.__mcmp   0x00000000000088ec       0x58 /home/caroles/xpack-riscv-none-embed-gcc-10.2.0-1.2/bin/../lib/gcc/riscv-none-embed/10.2.0/../../../../riscv-none-embed/lib/rv32im/ilp32/libg.a(lib_a-mprec.o)
                0x00000000000088ec                __mcmp

.text.__mdiff   0x0000000000008944      0x244
 .text.__mdiff  0x0000000000008944      0x244 /home/caroles/xpack-riscv-none-embed-gcc-10.2.0-1.2/bin/../lib/gcc/riscv-none-embed/10.2.0/../../../../riscv-none-embed/lib/rv32im/ilp32/libg.a(lib_a-mprec.o)
                0x0000000000008944                __mdiff

.text.__ulp     0x0000000000008b88       0x60
 .text.__ulp    0x0000000000008b88       0x60 /home/caroles/xpack-riscv-none-embed-gcc-10.2.0-1.2/bin/../lib/gcc/riscv-none-embed/10.2.0/../../../../riscv-none-embed/lib/rv32im/ilp32/libg.a(lib_a-mprec.o)
                0x0000000000008b88                __ulp

.text.__b2d     0x0000000000008be8      0x118
 .text.__b2d    0x0000000000008be8      0x118 /home/caroles/xpack-riscv-none-embed-gcc-10.2.0-1.2/bin/../lib/gcc/riscv-none-embed/10.2.0/../../../../riscv-none-embed/lib/rv32im/ilp32/libg.a(lib_a-mprec.o)
                0x0000000000008be8                __b2d

.text.__d2b     0x0000000000008d00      0x164
 .text.__d2b    0x0000000000008d00      0x164 /home/caroles/xpack-riscv-none-embed-gcc-10.2.0-1.2/bin/../lib/gcc/riscv-none-embed/10.2.0/../../../../riscv-none-embed/lib/rv32im/ilp32/libg.a(lib_a-mprec.o)
                0x0000000000008d00                __d2b

.text.__ratio   0x0000000000008e64       0xa8
 .text.__ratio  0x0000000000008e64       0xa8 /home/caroles/xpack-riscv-none-embed-gcc-10.2.0-1.2/bin/../lib/gcc/riscv-none-embed/10.2.0/../../../../riscv-none-embed/lib/rv32im/ilp32/libg.a(lib_a-mprec.o)
                0x0000000000008e64                __ratio

.text._mprec_log10
                0x0000000000008f0c       0xac
 .text._mprec_log10
                0x0000000000008f0c       0xac /home/caroles/xpack-riscv-none-embed-gcc-10.2.0-1.2/bin/../lib/gcc/riscv-none-embed/10.2.0/../../../../riscv-none-embed/lib/rv32im/ilp32/libg.a(lib_a-mprec.o)
                0x0000000000008f0c                _mprec_log10

.text.__copybits
                0x0000000000008fb8       0x68
 .text.__copybits
                0x0000000000008fb8       0x68 /home/caroles/xpack-riscv-none-embed-gcc-10.2.0-1.2/bin/../lib/gcc/riscv-none-embed/10.2.0/../../../../riscv-none-embed/lib/rv32im/ilp32/libg.a(lib_a-mprec.o)
                0x0000000000008fb8                __copybits

.text.__any_on  0x0000000000009020       0x64
 .text.__any_on
                0x0000000000009020       0x64 /home/caroles/xpack-riscv-none-embed-gcc-10.2.0-1.2/bin/../lib/gcc/riscv-none-embed/10.2.0/../../../../riscv-none-embed/lib/rv32im/ilp32/libg.a(lib_a-mprec.o)
                0x0000000000009020                __any_on

.text._sbrk_r   0x0000000000009084       0x58
 .text._sbrk_r  0x0000000000009084       0x58 /home/caroles/xpack-riscv-none-embed-gcc-10.2.0-1.2/bin/../lib/gcc/riscv-none-embed/10.2.0/../../../../riscv-none-embed/lib/rv32im/ilp32/libg.a(lib_a-sbrkr.o)
                0x0000000000009084                _sbrk_r

.text.frexp     0x00000000000090dc       0xb0
 .text.frexp    0x00000000000090dc       0xb0 /home/caroles/xpack-riscv-none-embed-gcc-10.2.0-1.2/bin/../lib/gcc/riscv-none-embed/10.2.0/../../../../riscv-none-embed/lib/rv32im/ilp32/libg.a(lib_a-s_frexp.o)
                0x00000000000090dc                frexp

.text._sprintf_r
                0x000000000000918c       0x6c
 .text._sprintf_r
                0x000000000000918c       0x6c /home/caroles/xpack-riscv-none-embed-gcc-10.2.0-1.2/bin/../lib/gcc/riscv-none-embed/10.2.0/../../../../riscv-none-embed/lib/rv32im/ilp32/libg.a(lib_a-sprintf.o)
                0x000000000000918c                _sprintf_r

.text.sprintf   0x00000000000091f8       0x7c
 .text.sprintf  0x00000000000091f8       0x7c /home/caroles/xpack-riscv-none-embed-gcc-10.2.0-1.2/bin/../lib/gcc/riscv-none-embed/10.2.0/../../../../riscv-none-embed/lib/rv32im/ilp32/libg.a(lib_a-sprintf.o)
                0x00000000000091f8                sprintf

.text.__sread   0x0000000000009274       0x5c
 .text.__sread  0x0000000000009274       0x5c /home/caroles/xpack-riscv-none-embed-gcc-10.2.0-1.2/bin/../lib/gcc/riscv-none-embed/10.2.0/../../../../riscv-none-embed/lib/rv32im/ilp32/libg.a(lib_a-stdio.o)
                0x0000000000009274                __sread

.text.__seofread
                0x00000000000092d0        0x8
 .text.__seofread
                0x00000000000092d0        0x8 /home/caroles/xpack-riscv-none-embed-gcc-10.2.0-1.2/bin/../lib/gcc/riscv-none-embed/10.2.0/../../../../riscv-none-embed/lib/rv32im/ilp32/libg.a(lib_a-stdio.o)
                0x00000000000092d0                __seofread

.text.__swrite  0x00000000000092d8       0x88
 .text.__swrite
                0x00000000000092d8       0x88 /home/caroles/xpack-riscv-none-embed-gcc-10.2.0-1.2/bin/../lib/gcc/riscv-none-embed/10.2.0/../../../../riscv-none-embed/lib/rv32im/ilp32/libg.a(lib_a-stdio.o)
                0x00000000000092d8                __swrite

.text.__sseek   0x0000000000009360       0x68
 .text.__sseek  0x0000000000009360       0x68 /home/caroles/xpack-riscv-none-embed-gcc-10.2.0-1.2/bin/../lib/gcc/riscv-none-embed/10.2.0/../../../../riscv-none-embed/lib/rv32im/ilp32/libg.a(lib_a-stdio.o)
                0x0000000000009360                __sseek

.text.__sclose  0x00000000000093c8        0x8
 .text.__sclose
                0x00000000000093c8        0x8 /home/caroles/xpack-riscv-none-embed-gcc-10.2.0-1.2/bin/../lib/gcc/riscv-none-embed/10.2.0/../../../../riscv-none-embed/lib/rv32im/ilp32/libg.a(lib_a-stdio.o)
                0x00000000000093c8                __sclose

.text.strcpy    0x00000000000093d0       0xb0
 .text.strcpy   0x00000000000093d0       0xb0 /home/caroles/xpack-riscv-none-embed-gcc-10.2.0-1.2/bin/../lib/gcc/riscv-none-embed/10.2.0/../../../../riscv-none-embed/lib/rv32im/ilp32/libg.a(lib_a-strcpy.o)
                0x00000000000093d0                strcpy

.text.strlen    0x0000000000009480       0x8c
 .text.strlen   0x0000000000009480       0x8c /home/caroles/xpack-riscv-none-embed-gcc-10.2.0-1.2/bin/../lib/gcc/riscv-none-embed/10.2.0/../../../../riscv-none-embed/lib/rv32im/ilp32/libg.a(lib_a-strlen.o)
                0x0000000000009480                strlen

.text.strncpy   0x000000000000950c       0xa8
 .text.strncpy  0x000000000000950c       0xa8 /home/caroles/xpack-riscv-none-embed-gcc-10.2.0-1.2/bin/../lib/gcc/riscv-none-embed/10.2.0/../../../../riscv-none-embed/lib/rv32im/ilp32/libg.a(lib_a-strncpy.o)
                0x000000000000950c                strncpy

.text._svfprintf_r
                0x00000000000095b4     0x2a24
 .text._svfprintf_r
                0x00000000000095b4     0x2a24 /home/caroles/xpack-riscv-none-embed-gcc-10.2.0-1.2/bin/../lib/gcc/riscv-none-embed/10.2.0/../../../../riscv-none-embed/lib/rv32im/ilp32/libg.a(lib_a-svfprintf.o)
                0x00000000000095b4                _svfprintf_r

.text.__sprint_r.part.0
                0x000000000000bfd8       0xf4
 .text.__sprint_r.part.0
                0x000000000000bfd8       0xf4 /home/caroles/xpack-riscv-none-embed-gcc-10.2.0-1.2/bin/../lib/gcc/riscv-none-embed/10.2.0/../../../../riscv-none-embed/lib/rv32im/ilp32/libg.a(lib_a-vfiprintf.o)

.text.__sprint_r
                0x000000000000c0cc       0x18
 .text.__sprint_r
                0x000000000000c0cc       0x18 /home/caroles/xpack-riscv-none-embed-gcc-10.2.0-1.2/bin/../lib/gcc/riscv-none-embed/10.2.0/../../../../riscv-none-embed/lib/rv32im/ilp32/libg.a(lib_a-vfiprintf.o)
                0x000000000000c0cc                __sprint_r

.text._vfiprintf_r
                0x000000000000c0e4     0x129c
 .text._vfiprintf_r
                0x000000000000c0e4     0x129c /home/caroles/xpack-riscv-none-embed-gcc-10.2.0-1.2/bin/../lib/gcc/riscv-none-embed/10.2.0/../../../../riscv-none-embed/lib/rv32im/ilp32/libg.a(lib_a-vfiprintf.o)
                0x000000000000c0e4                _vfiprintf_r

.text.vfiprintf
                0x000000000000d380       0x18
 .text.vfiprintf
                0x000000000000d380       0x18 /home/caroles/xpack-riscv-none-embed-gcc-10.2.0-1.2/bin/../lib/gcc/riscv-none-embed/10.2.0/../../../../riscv-none-embed/lib/rv32im/ilp32/libg.a(lib_a-vfiprintf.o)
                0x000000000000d380                vfiprintf

.text._wctomb_r
                0x000000000000d398        0x8
 .text._wctomb_r
                0x000000000000d398        0x8 /home/caroles/xpack-riscv-none-embed-gcc-10.2.0-1.2/bin/../lib/gcc/riscv-none-embed/10.2.0/../../../../riscv-none-embed/lib/rv32im/ilp32/libg.a(lib_a-wctomb_r.o)
                0x000000000000d398                _wctomb_r

.text.__ascii_wctomb
                0x000000000000d3a0       0x30
 .text.__ascii_wctomb
                0x000000000000d3a0       0x30 /home/caroles/xpack-riscv-none-embed-gcc-10.2.0-1.2/bin/../lib/gcc/riscv-none-embed/10.2.0/../../../../riscv-none-embed/lib/rv32im/ilp32/libg.a(lib_a-wctomb_r.o)
                0x000000000000d3a0                __ascii_wctomb

.text._write_r  0x000000000000d3d0       0x64
 .text._write_r
                0x000000000000d3d0       0x64 /home/caroles/xpack-riscv-none-embed-gcc-10.2.0-1.2/bin/../lib/gcc/riscv-none-embed/10.2.0/../../../../riscv-none-embed/lib/rv32im/ilp32/libg.a(lib_a-writer.o)
                0x000000000000d3d0                _write_r

.text.__assert_func
                0x000000000000d434       0x58
 .text.__assert_func
                0x000000000000d434       0x58 /home/caroles/xpack-riscv-none-embed-gcc-10.2.0-1.2/bin/../lib/gcc/riscv-none-embed/10.2.0/../../../../riscv-none-embed/lib/rv32im/ilp32/libg.a(lib_a-assert.o)
                0x000000000000d434                __assert_func

.text.__assert  0x000000000000d48c       0x14
 .text.__assert
                0x000000000000d48c       0x14 /home/caroles/xpack-riscv-none-embed-gcc-10.2.0-1.2/bin/../lib/gcc/riscv-none-embed/10.2.0/../../../../riscv-none-embed/lib/rv32im/ilp32/libg.a(lib_a-assert.o)
                0x000000000000d48c                __assert

.text.atexit    0x000000000000d4a0       0x14
 .text.atexit   0x000000000000d4a0       0x14 /home/caroles/xpack-riscv-none-embed-gcc-10.2.0-1.2/bin/../lib/gcc/riscv-none-embed/10.2.0/../../../../riscv-none-embed/lib/rv32im/ilp32/libg.a(lib_a-atexit.o)
                0x000000000000d4a0                atexit

.text._calloc_r
                0x000000000000d4b4       0xe8
 .text._calloc_r
                0x000000000000d4b4       0xe8 /home/caroles/xpack-riscv-none-embed-gcc-10.2.0-1.2/bin/../lib/gcc/riscv-none-embed/10.2.0/../../../../riscv-none-embed/lib/rv32im/ilp32/libg.a(lib_a-callocr.o)
                0x000000000000d4b4                _calloc_r

.text._close_r  0x000000000000d59c       0x58
 .text._close_r
                0x000000000000d59c       0x58 /home/caroles/xpack-riscv-none-embed-gcc-10.2.0-1.2/bin/../lib/gcc/riscv-none-embed/10.2.0/../../../../riscv-none-embed/lib/rv32im/ilp32/libg.a(lib_a-closer.o)
                0x000000000000d59c                _close_r

.text._fclose_r.part.0
                0x000000000000d5f4       0xc0
 .text._fclose_r.part.0
                0x000000000000d5f4       0xc0 /home/caroles/xpack-riscv-none-embed-gcc-10.2.0-1.2/bin/../lib/gcc/riscv-none-embed/10.2.0/../../../../riscv-none-embed/lib/rv32im/ilp32/libg.a(lib_a-fclose.o)

.text._fclose_r
                0x000000000000d6b4       0x70
 .text._fclose_r
                0x000000000000d6b4       0x70 /home/caroles/xpack-riscv-none-embed-gcc-10.2.0-1.2/bin/../lib/gcc/riscv-none-embed/10.2.0/../../../../riscv-none-embed/lib/rv32im/ilp32/libg.a(lib_a-fclose.o)
                0x000000000000d6b4                _fclose_r

.text.fclose    0x000000000000d724       0x78
 .text.fclose   0x000000000000d724       0x78 /home/caroles/xpack-riscv-none-embed-gcc-10.2.0-1.2/bin/../lib/gcc/riscv-none-embed/10.2.0/../../../../riscv-none-embed/lib/rv32im/ilp32/libg.a(lib_a-fclose.o)
                0x000000000000d724                fclose

.text._fiprintf_r
                0x000000000000d79c       0x38
 .text._fiprintf_r
                0x000000000000d79c       0x38 /home/caroles/xpack-riscv-none-embed-gcc-10.2.0-1.2/bin/../lib/gcc/riscv-none-embed/10.2.0/../../../../riscv-none-embed/lib/rv32im/ilp32/libg.a(lib_a-fiprintf.o)
                0x000000000000d79c                _fiprintf_r

.text.fiprintf  0x000000000000d7d4       0x4c
 .text.fiprintf
                0x000000000000d7d4       0x4c /home/caroles/xpack-riscv-none-embed-gcc-10.2.0-1.2/bin/../lib/gcc/riscv-none-embed/10.2.0/../../../../riscv-none-embed/lib/rv32im/ilp32/libg.a(lib_a-fiprintf.o)
                0x000000000000d7d4                fiprintf

.text.__fputwc  0x000000000000d820      0x12c
 .text.__fputwc
                0x000000000000d820      0x12c /home/caroles/xpack-riscv-none-embed-gcc-10.2.0-1.2/bin/../lib/gcc/riscv-none-embed/10.2.0/../../../../riscv-none-embed/lib/rv32im/ilp32/libg.a(lib_a-fputwc.o)
                0x000000000000d820                __fputwc

.text._fputwc_r
                0x000000000000d94c       0x2c
 .text._fputwc_r
                0x000000000000d94c       0x2c /home/caroles/xpack-riscv-none-embed-gcc-10.2.0-1.2/bin/../lib/gcc/riscv-none-embed/10.2.0/../../../../riscv-none-embed/lib/rv32im/ilp32/libg.a(lib_a-fputwc.o)
                0x000000000000d94c                _fputwc_r

.text.fputwc    0x000000000000d978       0x80
 .text.fputwc   0x000000000000d978       0x80 /home/caroles/xpack-riscv-none-embed-gcc-10.2.0-1.2/bin/../lib/gcc/riscv-none-embed/10.2.0/../../../../riscv-none-embed/lib/rv32im/ilp32/libg.a(lib_a-fputwc.o)
                0x000000000000d978                fputwc

.text._fstat_r  0x000000000000d9f8       0x60
 .text._fstat_r
                0x000000000000d9f8       0x60 /home/caroles/xpack-riscv-none-embed-gcc-10.2.0-1.2/bin/../lib/gcc/riscv-none-embed/10.2.0/../../../../riscv-none-embed/lib/rv32im/ilp32/libg.a(lib_a-fstatr.o)
                0x000000000000d9f8                _fstat_r

.text.__sfvwrite_r
                0x000000000000da58      0x498
 .text.__sfvwrite_r
                0x000000000000da58      0x498 /home/caroles/xpack-riscv-none-embed-gcc-10.2.0-1.2/bin/../lib/gcc/riscv-none-embed/10.2.0/../../../../riscv-none-embed/lib/rv32im/ilp32/libg.a(lib_a-fvwrite.o)
                0x000000000000da58                __sfvwrite_r

.text._isatty_r
                0x000000000000def0       0x58
 .text._isatty_r
                0x000000000000def0       0x58 /home/caroles/xpack-riscv-none-embed-gcc-10.2.0-1.2/bin/../lib/gcc/riscv-none-embed/10.2.0/../../../../riscv-none-embed/lib/rv32im/ilp32/libg.a(lib_a-isattyr.o)
                0x000000000000def0                _isatty_r

.text._lseek_r  0x000000000000df48       0x64
 .text._lseek_r
                0x000000000000df48       0x64 /home/caroles/xpack-riscv-none-embed-gcc-10.2.0-1.2/bin/../lib/gcc/riscv-none-embed/10.2.0/../../../../riscv-none-embed/lib/rv32im/ilp32/libg.a(lib_a-lseekr.o)
                0x000000000000df48                _lseek_r

.text.memmove   0x000000000000dfac      0x120
 .text.memmove  0x000000000000dfac      0x120 /home/caroles/xpack-riscv-none-embed-gcc-10.2.0-1.2/bin/../lib/gcc/riscv-none-embed/10.2.0/../../../../riscv-none-embed/lib/rv32im/ilp32/libg.a(lib_a-memmove-stub.o)
                0x000000000000dfac                memmove

.text._read_r   0x000000000000e0cc       0x64
 .text._read_r  0x000000000000e0cc       0x64 /home/caroles/xpack-riscv-none-embed-gcc-10.2.0-1.2/bin/../lib/gcc/riscv-none-embed/10.2.0/../../../../riscv-none-embed/lib/rv32im/ilp32/libg.a(lib_a-readr.o)
                0x000000000000e0cc                _read_r

.text._realloc_r
                0x000000000000e130      0x578
 .text._realloc_r
                0x000000000000e130      0x578 /home/caroles/xpack-riscv-none-embed-gcc-10.2.0-1.2/bin/../lib/gcc/riscv-none-embed/10.2.0/../../../../riscv-none-embed/lib/rv32im/ilp32/libg.a(lib_a-reallocr.o)
                0x000000000000e130                _realloc_r

.text.cleanup_glue
                0x000000000000e6a8       0x94
 .text.cleanup_glue
                0x000000000000e6a8       0x94 /home/caroles/xpack-riscv-none-embed-gcc-10.2.0-1.2/bin/../lib/gcc/riscv-none-embed/10.2.0/../../../../riscv-none-embed/lib/rv32im/ilp32/libg.a(lib_a-reent.o)
                0x000000000000e6a8                cleanup_glue

.text._reclaim_reent
                0x000000000000e73c      0x120
 .text._reclaim_reent
                0x000000000000e73c      0x120 /home/caroles/xpack-riscv-none-embed-gcc-10.2.0-1.2/bin/../lib/gcc/riscv-none-embed/10.2.0/../../../../riscv-none-embed/lib/rv32im/ilp32/libg.a(lib_a-reent.o)
                0x000000000000e73c                _reclaim_reent

.text.__ssprint_r
                0x000000000000e85c      0x1bc
 .text.__ssprint_r
                0x000000000000e85c      0x1bc /home/caroles/xpack-riscv-none-embed-gcc-10.2.0-1.2/bin/../lib/gcc/riscv-none-embed/10.2.0/../../../../riscv-none-embed/lib/rv32im/ilp32/libg.a(lib_a-svfiprintf.o)
                0x000000000000e85c                __ssprint_r

.text._svfiprintf_r
                0x000000000000ea18     0x1060
 .text._svfiprintf_r
                0x000000000000ea18     0x1060 /home/caroles/xpack-riscv-none-embed-gcc-10.2.0-1.2/bin/../lib/gcc/riscv-none-embed/10.2.0/../../../../riscv-none-embed/lib/rv32im/ilp32/libg.a(lib_a-svfiprintf.o)
                0x000000000000ea18                _svfiprintf_r

.text.__swbuf_r
                0x000000000000fa78      0x188
 .text.__swbuf_r
                0x000000000000fa78      0x188 /home/caroles/xpack-riscv-none-embed-gcc-10.2.0-1.2/bin/../lib/gcc/riscv-none-embed/10.2.0/../../../../riscv-none-embed/lib/rv32im/ilp32/libg.a(lib_a-wbuf.o)
                0x000000000000fa78                __swbuf_r

.text.__swbuf   0x000000000000fc00       0x14
 .text.__swbuf  0x000000000000fc00       0x14 /home/caroles/xpack-riscv-none-embed-gcc-10.2.0-1.2/bin/../lib/gcc/riscv-none-embed/10.2.0/../../../../riscv-none-embed/lib/rv32im/ilp32/libg.a(lib_a-wbuf.o)
                0x000000000000fc00                __swbuf

.text._wcrtomb_r
                0x000000000000fc14       0x74
 .text._wcrtomb_r
                0x000000000000fc14       0x74 /home/caroles/xpack-riscv-none-embed-gcc-10.2.0-1.2/bin/../lib/gcc/riscv-none-embed/10.2.0/../../../../riscv-none-embed/lib/rv32im/ilp32/libg.a(lib_a-wcrtomb.o)
                0x000000000000fc14                _wcrtomb_r

.text.wcrtomb   0x000000000000fc88       0x90
 .text.wcrtomb  0x000000000000fc88       0x90 /home/caroles/xpack-riscv-none-embed-gcc-10.2.0-1.2/bin/../lib/gcc/riscv-none-embed/10.2.0/../../../../riscv-none-embed/lib/rv32im/ilp32/libg.a(lib_a-wcrtomb.o)
                0x000000000000fc88                wcrtomb

.text.abort     0x000000000000fd18       0x18
 .text.abort    0x000000000000fd18       0x18 /home/caroles/xpack-riscv-none-embed-gcc-10.2.0-1.2/bin/../lib/gcc/riscv-none-embed/10.2.0/../../../../riscv-none-embed/lib/rv32im/ilp32/libg.a(lib_a-abort.o)
                0x000000000000fd18                abort

.text.__register_exitproc
                0x000000000000fd30       0x9c
 .text.__register_exitproc
                0x000000000000fd30       0x9c /home/caroles/xpack-riscv-none-embed-gcc-10.2.0-1.2/bin/../lib/gcc/riscv-none-embed/10.2.0/../../../../riscv-none-embed/lib/rv32im/ilp32/libg.a(lib_a-__atexit.o)
                0x000000000000fd30                __register_exitproc

.text._init_signal_r
                0x000000000000fdcc       0x5c
 .text._init_signal_r
                0x000000000000fdcc       0x5c /home/caroles/xpack-riscv-none-embed-gcc-10.2.0-1.2/bin/../lib/gcc/riscv-none-embed/10.2.0/../../../../riscv-none-embed/lib/rv32im/ilp32/libg.a(lib_a-signal.o)
                0x000000000000fdcc                _init_signal_r

.text._signal_r
                0x000000000000fe28       0xa8
 .text._signal_r
                0x000000000000fe28       0xa8 /home/caroles/xpack-riscv-none-embed-gcc-10.2.0-1.2/bin/../lib/gcc/riscv-none-embed/10.2.0/../../../../riscv-none-embed/lib/rv32im/ilp32/libg.a(lib_a-signal.o)
                0x000000000000fe28                _signal_r

.text._raise_r  0x000000000000fed0       0xdc
 .text._raise_r
                0x000000000000fed0       0xdc /home/caroles/xpack-riscv-none-embed-gcc-10.2.0-1.2/bin/../lib/gcc/riscv-none-embed/10.2.0/../../../../riscv-none-embed/lib/rv32im/ilp32/libg.a(lib_a-signal.o)
                0x000000000000fed0                _raise_r

.text.__sigtramp_r
                0x000000000000ffac       0xe0
 .text.__sigtramp_r
                0x000000000000ffac       0xe0 /home/caroles/xpack-riscv-none-embed-gcc-10.2.0-1.2/bin/../lib/gcc/riscv-none-embed/10.2.0/../../../../riscv-none-embed/lib/rv32im/ilp32/libg.a(lib_a-signal.o)
                0x000000000000ffac                __sigtramp_r

.text.raise     0x000000000001008c       0xdc
 .text.raise    0x000000000001008c       0xdc /home/caroles/xpack-riscv-none-embed-gcc-10.2.0-1.2/bin/../lib/gcc/riscv-none-embed/10.2.0/../../../../riscv-none-embed/lib/rv32im/ilp32/libg.a(lib_a-signal.o)
                0x000000000001008c                raise

.text.signal    0x0000000000010168       0xb4
 .text.signal   0x0000000000010168       0xb4 /home/caroles/xpack-riscv-none-embed-gcc-10.2.0-1.2/bin/../lib/gcc/riscv-none-embed/10.2.0/../../../../riscv-none-embed/lib/rv32im/ilp32/libg.a(lib_a-signal.o)
                0x0000000000010168                signal

.text._init_signal
                0x000000000001021c       0x60
 .text._init_signal
                0x000000000001021c       0x60 /home/caroles/xpack-riscv-none-embed-gcc-10.2.0-1.2/bin/../lib/gcc/riscv-none-embed/10.2.0/../../../../riscv-none-embed/lib/rv32im/ilp32/libg.a(lib_a-signal.o)
                0x000000000001021c                _init_signal

.text.__sigtramp
                0x000000000001027c       0xe0
 .text.__sigtramp
                0x000000000001027c       0xe0 /home/caroles/xpack-riscv-none-embed-gcc-10.2.0-1.2/bin/../lib/gcc/riscv-none-embed/10.2.0/../../../../riscv-none-embed/lib/rv32im/ilp32/libg.a(lib_a-signal.o)
                0x000000000001027c                __sigtramp

.text._kill_r   0x000000000001035c       0x60
 .text._kill_r  0x000000000001035c       0x60 /home/caroles/xpack-riscv-none-embed-gcc-10.2.0-1.2/bin/../lib/gcc/riscv-none-embed/10.2.0/../../../../riscv-none-embed/lib/rv32im/ilp32/libg.a(lib_a-signalr.o)
                0x000000000001035c                _kill_r

.text._getpid_r
                0x00000000000103bc        0x4
 .text._getpid_r
                0x00000000000103bc        0x4 /home/caroles/xpack-riscv-none-embed-gcc-10.2.0-1.2/bin/../lib/gcc/riscv-none-embed/10.2.0/../../../../riscv-none-embed/lib/rv32im/ilp32/libg.a(lib_a-signalr.o)
                0x00000000000103bc                _getpid_r

.text.__udivdi3
                0x00000000000103c0      0x4a0
 .text.__udivdi3
                0x00000000000103c0      0x4a0 /home/caroles/xpack-riscv-none-embed-gcc-10.2.0-1.2/bin/../lib/gcc/riscv-none-embed/10.2.0/rv32im/ilp32/libgcc.a(_udivdi3.o)
                0x00000000000103c0                __udivdi3

.text.__umoddi3
                0x0000000000010860      0x460
 .text.__umoddi3
                0x0000000000010860      0x460 /home/caroles/xpack-riscv-none-embed-gcc-10.2.0-1.2/bin/../lib/gcc/riscv-none-embed/10.2.0/rv32im/ilp32/libgcc.a(_umoddi3.o)
                0x0000000000010860                __umoddi3

.text.__divdf3  0x0000000000010cc0      0x798
 .text.__divdf3
                0x0000000000010cc0      0x798 /home/caroles/xpack-riscv-none-embed-gcc-10.2.0-1.2/bin/../lib/gcc/riscv-none-embed/10.2.0/rv32im/ilp32/libgcc.a(divdf3.o)
                0x0000000000010cc0                __divdf3

.text.__muldf3  0x0000000000011458      0x630
 .text.__muldf3
                0x0000000000011458      0x630 /home/caroles/xpack-riscv-none-embed-gcc-10.2.0-1.2/bin/../lib/gcc/riscv-none-embed/10.2.0/rv32im/ilp32/libgcc.a(muldf3.o)
                0x0000000000011458                __muldf3

.text.__eqtf2   0x0000000000011a88       0xd0
 .text.__eqtf2  0x0000000000011a88       0xd0 /home/caroles/xpack-riscv-none-embed-gcc-10.2.0-1.2/bin/../lib/gcc/riscv-none-embed/10.2.0/rv32im/ilp32/libgcc.a(eqtf2.o)
                0x0000000000011a88                __eqtf2
                0x0000000000011a88                __netf2

.text.__getf2   0x0000000000011b58      0x168
 .text.__getf2  0x0000000000011b58      0x168 /home/caroles/xpack-riscv-none-embed-gcc-10.2.0-1.2/bin/../lib/gcc/riscv-none-embed/10.2.0/rv32im/ilp32/libgcc.a(getf2.o)
                0x0000000000011b58                __getf2
                0x0000000000011b58                __gttf2

.text.__letf2   0x0000000000011cc0      0x16c
 .text.__letf2  0x0000000000011cc0      0x16c /home/caroles/xpack-riscv-none-embed-gcc-10.2.0-1.2/bin/../lib/gcc/riscv-none-embed/10.2.0/rv32im/ilp32/libgcc.a(letf2.o)
                0x0000000000011cc0                __letf2
                0x0000000000011cc0                __lttf2

.text.__multf3  0x0000000000011e2c     0x10e8
 .text.__multf3
                0x0000000000011e2c     0x10e8 /home/caroles/xpack-riscv-none-embed-gcc-10.2.0-1.2/bin/../lib/gcc/riscv-none-embed/10.2.0/rv32im/ilp32/libgcc.a(multf3.o)
                0x0000000000011e2c                __multf3

.text.__subtf3  0x0000000000012f14     0x15a8
 .text.__subtf3
                0x0000000000012f14     0x15a8 /home/caroles/xpack-riscv-none-embed-gcc-10.2.0-1.2/bin/../lib/gcc/riscv-none-embed/10.2.0/rv32im/ilp32/libgcc.a(subtf3.o)
                0x0000000000012f14                __subtf3

.text.__fixtfsi
                0x00000000000144bc       0xfc
 .text.__fixtfsi
                0x00000000000144bc       0xfc /home/caroles/xpack-riscv-none-embed-gcc-10.2.0-1.2/bin/../lib/gcc/riscv-none-embed/10.2.0/rv32im/ilp32/libgcc.a(fixtfsi.o)
                0x00000000000144bc                __fixtfsi

.text.__floatsitf
                0x00000000000145b8      0x16c
 .text.__floatsitf
                0x00000000000145b8      0x16c /home/caroles/xpack-riscv-none-embed-gcc-10.2.0-1.2/bin/../lib/gcc/riscv-none-embed/10.2.0/rv32im/ilp32/libgcc.a(floatsitf.o)
                0x00000000000145b8                __floatsitf

.text.__extenddftf2
                0x0000000000014724      0x234
 .text.__extenddftf2
                0x0000000000014724      0x234 /home/caroles/xpack-riscv-none-embed-gcc-10.2.0-1.2/bin/../lib/gcc/riscv-none-embed/10.2.0/rv32im/ilp32/libgcc.a(extenddftf2.o)
                0x0000000000014724                __extenddftf2

.text.__trunctfdf2
                0x0000000000014958      0x314
 .text.__trunctfdf2
                0x0000000000014958      0x314 /home/caroles/xpack-riscv-none-embed-gcc-10.2.0-1.2/bin/../lib/gcc/riscv-none-embed/10.2.0/rv32im/ilp32/libgcc.a(trunctfdf2.o)
                0x0000000000014958                __trunctfdf2

.text.__clzsi2  0x0000000000014c6c       0x94
 .text.__clzsi2
                0x0000000000014c6c       0x94 /home/caroles/xpack-riscv-none-embed-gcc-10.2.0-1.2/bin/../lib/gcc/riscv-none-embed/10.2.0/rv32im/ilp32/libgcc.a(_clzsi2.o)
                0x0000000000014c6c                __clzsi2

.eh_frame       0x0000000000014d00       0x40
 .eh_frame      0x0000000000014d00        0x0 /home/caroles/xpack-riscv-none-embed-gcc-10.2.0-1.2/bin/../lib/gcc/riscv-none-embed/10.2.0/rv32im/ilp32/crtbegin.o
 .eh_frame      0x0000000000014d00       0x28 /home/caroles/xpack-riscv-none-embed-gcc-10.2.0-1.2/bin/../lib/gcc/riscv-none-embed/10.2.0/rv32im/ilp32/libgcc.a(_udivdi3.o)
 .eh_frame      0x0000000000014d28       0x14 /home/caroles/xpack-riscv-none-embed-gcc-10.2.0-1.2/bin/../lib/gcc/riscv-none-embed/10.2.0/rv32im/ilp32/libgcc.a(_umoddi3.o)
                                         0x28 (size before relaxing)
 .eh_frame      0x0000000000014d3c        0x4 /home/caroles/xpack-riscv-none-embed-gcc-10.2.0-1.2/bin/../lib/gcc/riscv-none-embed/10.2.0/rv32im/ilp32/crtend.o

.rodata.str1.4  0x0000000000014d40       0x2e
 .rodata.str1.4
                0x0000000000014d40        0x7 main_fir_filt.o
 *fill*         0x0000000000014d47        0x1 
 .rodata.str1.4
                0x0000000000014d48       0x23 ../_core/syscalls.o
 *fill*         0x0000000000014d6b        0x1 
 .rodata.str1.4
                0x0000000000014d6c        0x2 /home/caroles/xpack-riscv-none-embed-gcc-10.2.0-1.2/bin/../lib/gcc/riscv-none-embed/10.2.0/../../../../riscv-none-embed/lib/rv32im/ilp32/libg.a(lib_a-locale.o)

.srodata._global_impure_ptr
                0x0000000000014d70        0x4
 .srodata._global_impure_ptr
                0x0000000000014d70        0x4 /home/caroles/xpack-riscv-none-embed-gcc-10.2.0-1.2/bin/../lib/gcc/riscv-none-embed/10.2.0/../../../../riscv-none-embed/lib/rv32im/ilp32/libg.a(lib_a-impure.o)
                0x0000000000014d70                _global_impure_ptr

.rodata._vfprintf_r.str1.4
                0x0000000000014d74       0x42
 .rodata._vfprintf_r.str1.4
                0x0000000000014d74       0x42 /home/caroles/xpack-riscv-none-embed-gcc-10.2.0-1.2/bin/../lib/gcc/riscv-none-embed/10.2.0/../../../../riscv-none-embed/lib/rv32im/ilp32/libg.a(lib_a-vfprintf.o)

.rodata._vfprintf_r
                0x0000000000014db8      0x16c
 .rodata._vfprintf_r
                0x0000000000014db8      0x16c /home/caroles/xpack-riscv-none-embed-gcc-10.2.0-1.2/bin/../lib/gcc/riscv-none-embed/10.2.0/../../../../riscv-none-embed/lib/rv32im/ilp32/libg.a(lib_a-vfprintf.o)

.rodata.cst16   0x0000000000014f30       0x30
 .rodata.cst16  0x0000000000014f30       0x30 /home/caroles/xpack-riscv-none-embed-gcc-10.2.0-1.2/bin/../lib/gcc/riscv-none-embed/10.2.0/../../../../riscv-none-embed/lib/rv32im/ilp32/libg.a(lib_a-vfprintf.o)
 .rodata.cst16  0x0000000000014f60       0x30 /home/caroles/xpack-riscv-none-embed-gcc-10.2.0-1.2/bin/../lib/gcc/riscv-none-embed/10.2.0/../../../../riscv-none-embed/lib/rv32im/ilp32/libg.a(lib_a-svfprintf.o)

.rodata.blanks.1
                0x0000000000014f60       0x40
 .rodata.blanks.1
                0x0000000000014f60       0x10 /home/caroles/xpack-riscv-none-embed-gcc-10.2.0-1.2/bin/../lib/gcc/riscv-none-embed/10.2.0/../../../../riscv-none-embed/lib/rv32im/ilp32/libg.a(lib_a-vfprintf.o)
 .rodata.blanks.1
                0x0000000000014f70       0x10 /home/caroles/xpack-riscv-none-embed-gcc-10.2.0-1.2/bin/../lib/gcc/riscv-none-embed/10.2.0/../../../../riscv-none-embed/lib/rv32im/ilp32/libg.a(lib_a-svfprintf.o)
 .rodata.blanks.1
                0x0000000000014f80       0x10 /home/caroles/xpack-riscv-none-embed-gcc-10.2.0-1.2/bin/../lib/gcc/riscv-none-embed/10.2.0/../../../../riscv-none-embed/lib/rv32im/ilp32/libg.a(lib_a-vfiprintf.o)
 .rodata.blanks.1
                0x0000000000014f90       0x10 /home/caroles/xpack-riscv-none-embed-gcc-10.2.0-1.2/bin/../lib/gcc/riscv-none-embed/10.2.0/../../../../riscv-none-embed/lib/rv32im/ilp32/libg.a(lib_a-svfiprintf.o)

.rodata.zeroes.0
                0x0000000000014fa0       0x40
 .rodata.zeroes.0
                0x0000000000014fa0       0x10 /home/caroles/xpack-riscv-none-embed-gcc-10.2.0-1.2/bin/../lib/gcc/riscv-none-embed/10.2.0/../../../../riscv-none-embed/lib/rv32im/ilp32/libg.a(lib_a-vfprintf.o)
 .rodata.zeroes.0
                0x0000000000014fb0       0x10 /home/caroles/xpack-riscv-none-embed-gcc-10.2.0-1.2/bin/../lib/gcc/riscv-none-embed/10.2.0/../../../../riscv-none-embed/lib/rv32im/ilp32/libg.a(lib_a-svfprintf.o)
 .rodata.zeroes.0
                0x0000000000014fc0       0x10 /home/caroles/xpack-riscv-none-embed-gcc-10.2.0-1.2/bin/../lib/gcc/riscv-none-embed/10.2.0/../../../../riscv-none-embed/lib/rv32im/ilp32/libg.a(lib_a-vfiprintf.o)
 .rodata.zeroes.0
                0x0000000000014fd0       0x10 /home/caroles/xpack-riscv-none-embed-gcc-10.2.0-1.2/bin/../lib/gcc/riscv-none-embed/10.2.0/../../../../riscv-none-embed/lib/rv32im/ilp32/libg.a(lib_a-svfiprintf.o)

.rodata._ldtoa_r.str1.4
                0x0000000000014fe0       0xb6
 .rodata._ldtoa_r.str1.4
                0x0000000000014fe0       0xb6 /home/caroles/xpack-riscv-none-embed-gcc-10.2.0-1.2/bin/../lib/gcc/riscv-none-embed/10.2.0/../../../../riscv-none-embed/lib/rv32im/ilp32/libg.a(lib_a-ldtoa.o)

.rodata.bmask   0x0000000000015098       0x22
 .rodata.bmask  0x0000000000015098       0x22 /home/caroles/xpack-riscv-none-embed-gcc-10.2.0-1.2/bin/../lib/gcc/riscv-none-embed/10.2.0/../../../../riscv-none-embed/lib/rv32im/ilp32/libg.a(lib_a-ldtoa.o)

.rodata.emtens  0x00000000000150bc      0x104
 .rodata.emtens
                0x00000000000150bc      0x104 /home/caroles/xpack-riscv-none-embed-gcc-10.2.0-1.2/bin/../lib/gcc/riscv-none-embed/10.2.0/../../../../riscv-none-embed/lib/rv32im/ilp32/libg.a(lib_a-ldtoa.o)

.rodata.eone    0x00000000000151c0       0x14
 .rodata.eone   0x00000000000151c0       0x14 /home/caroles/xpack-riscv-none-embed-gcc-10.2.0-1.2/bin/../lib/gcc/riscv-none-embed/10.2.0/../../../../riscv-none-embed/lib/rv32im/ilp32/libg.a(lib_a-ldtoa.o)

.rodata.etens   0x00000000000151d4      0x104
 .rodata.etens  0x00000000000151d4      0x104 /home/caroles/xpack-riscv-none-embed-gcc-10.2.0-1.2/bin/../lib/gcc/riscv-none-embed/10.2.0/../../../../riscv-none-embed/lib/rv32im/ilp32/libg.a(lib_a-ldtoa.o)

.rodata.ezero   0x00000000000152d8       0x14
 .rodata.ezero  0x00000000000152d8       0x14 /home/caroles/xpack-riscv-none-embed-gcc-10.2.0-1.2/bin/../lib/gcc/riscv-none-embed/10.2.0/../../../../riscv-none-embed/lib/rv32im/ilp32/libg.a(lib_a-ldtoa.o)

.rodata._setlocale_r.str1.4
                0x00000000000152ec        0xd
 .rodata._setlocale_r.str1.4
                0x00000000000152ec        0xd /home/caroles/xpack-riscv-none-embed-gcc-10.2.0-1.2/bin/../lib/gcc/riscv-none-embed/10.2.0/../../../../riscv-none-embed/lib/rv32im/ilp32/libg.a(lib_a-locale.o)

.rodata.__multadd.str1.4
                0x00000000000152fc       0x8d
 .rodata.__multadd.str1.4
                0x00000000000152fc       0x8d /home/caroles/xpack-riscv-none-embed-gcc-10.2.0-1.2/bin/../lib/gcc/riscv-none-embed/10.2.0/../../../../riscv-none-embed/lib/rv32im/ilp32/libg.a(lib_a-mprec.o)

.srodata.cst8   0x0000000000015390       0x18
 .srodata.cst8  0x0000000000015390       0x10 /home/caroles/xpack-riscv-none-embed-gcc-10.2.0-1.2/bin/../lib/gcc/riscv-none-embed/10.2.0/../../../../riscv-none-embed/lib/rv32im/ilp32/libg.a(lib_a-mprec.o)
 .srodata.cst8  0x00000000000153a0        0x8 /home/caroles/xpack-riscv-none-embed-gcc-10.2.0-1.2/bin/../lib/gcc/riscv-none-embed/10.2.0/../../../../riscv-none-embed/lib/rv32im/ilp32/libg.a(lib_a-s_frexp.o)

.rodata.__mprec_bigtens
                0x00000000000153a8       0x28
 .rodata.__mprec_bigtens
                0x00000000000153a8       0x28 /home/caroles/xpack-riscv-none-embed-gcc-10.2.0-1.2/bin/../lib/gcc/riscv-none-embed/10.2.0/../../../../riscv-none-embed/lib/rv32im/ilp32/libg.a(lib_a-mprec.o)
                0x00000000000153a8                __mprec_bigtens

.rodata.__mprec_tens
                0x00000000000153d0       0xc8
 .rodata.__mprec_tens
                0x00000000000153d0       0xc8 /home/caroles/xpack-riscv-none-embed-gcc-10.2.0-1.2/bin/../lib/gcc/riscv-none-embed/10.2.0/../../../../riscv-none-embed/lib/rv32im/ilp32/libg.a(lib_a-mprec.o)
                0x00000000000153d0                __mprec_tens

.rodata.__mprec_tinytens
                0x0000000000015498       0x28
 .rodata.__mprec_tinytens
                0x0000000000015498       0x28 /home/caroles/xpack-riscv-none-embed-gcc-10.2.0-1.2/bin/../lib/gcc/riscv-none-embed/10.2.0/../../../../riscv-none-embed/lib/rv32im/ilp32/libg.a(lib_a-mprec.o)
                0x0000000000015498                __mprec_tinytens

.rodata.p05.0   0x00000000000154c0        0xc
 .rodata.p05.0  0x00000000000154c0        0xc /home/caroles/xpack-riscv-none-embed-gcc-10.2.0-1.2/bin/../lib/gcc/riscv-none-embed/10.2.0/../../../../riscv-none-embed/lib/rv32im/ilp32/libg.a(lib_a-mprec.o)

.rodata._svfprintf_r.str1.4
                0x00000000000154cc       0x42
 .rodata._svfprintf_r.str1.4
                0x00000000000154cc       0x42 /home/caroles/xpack-riscv-none-embed-gcc-10.2.0-1.2/bin/../lib/gcc/riscv-none-embed/10.2.0/../../../../riscv-none-embed/lib/rv32im/ilp32/libg.a(lib_a-svfprintf.o)

.rodata._svfprintf_r
                0x0000000000015510      0x16c
 .rodata._svfprintf_r
                0x0000000000015510      0x16c /home/caroles/xpack-riscv-none-embed-gcc-10.2.0-1.2/bin/../lib/gcc/riscv-none-embed/10.2.0/../../../../riscv-none-embed/lib/rv32im/ilp32/libg.a(lib_a-svfprintf.o)

.rodata._vfiprintf_r.str1.4
                0x000000000001567c       0x2f
 .rodata._vfiprintf_r.str1.4
                0x000000000001567c       0x2f /home/caroles/xpack-riscv-none-embed-gcc-10.2.0-1.2/bin/../lib/gcc/riscv-none-embed/10.2.0/../../../../riscv-none-embed/lib/rv32im/ilp32/libg.a(lib_a-vfiprintf.o)

.rodata._vfiprintf_r
                0x00000000000156ac      0x16c
 .rodata._vfiprintf_r
                0x00000000000156ac      0x16c /home/caroles/xpack-riscv-none-embed-gcc-10.2.0-1.2/bin/../lib/gcc/riscv-none-embed/10.2.0/../../../../riscv-none-embed/lib/rv32im/ilp32/libg.a(lib_a-vfiprintf.o)

.rodata.__assert_func.str1.4
                0x0000000000015818       0x3f
 .rodata.__assert_func.str1.4
                0x0000000000015818       0x3f /home/caroles/xpack-riscv-none-embed-gcc-10.2.0-1.2/bin/../lib/gcc/riscv-none-embed/10.2.0/../../../../riscv-none-embed/lib/rv32im/ilp32/libg.a(lib_a-assert.o)
                                         0x43 (size before relaxing)

.rodata._ctype_
                0x0000000000015858      0x101
 .rodata._ctype_
                0x0000000000015858      0x101 /home/caroles/xpack-riscv-none-embed-gcc-10.2.0-1.2/bin/../lib/gcc/riscv-none-embed/10.2.0/../../../../riscv-none-embed/lib/rv32im/ilp32/libg.a(lib_a-ctype_.o)
                0x0000000000015858                _ctype_

.rodata._svfiprintf_r.str1.4
                0x000000000001595c       0x2f
 .rodata._svfiprintf_r.str1.4
                0x000000000001595c       0x2f /home/caroles/xpack-riscv-none-embed-gcc-10.2.0-1.2/bin/../lib/gcc/riscv-none-embed/10.2.0/../../../../riscv-none-embed/lib/rv32im/ilp32/libg.a(lib_a-svfiprintf.o)

.rodata._svfiprintf_r
                0x000000000001598c      0x16c
 .rodata._svfiprintf_r
                0x000000000001598c      0x16c /home/caroles/xpack-riscv-none-embed-gcc-10.2.0-1.2/bin/../lib/gcc/riscv-none-embed/10.2.0/../../../../riscv-none-embed/lib/rv32im/ilp32/libg.a(lib_a-svfiprintf.o)

.rodata.__divdf3
                0x0000000000015af8       0x40
 .rodata.__divdf3
                0x0000000000015af8       0x40 /home/caroles/xpack-riscv-none-embed-gcc-10.2.0-1.2/bin/../lib/gcc/riscv-none-embed/10.2.0/rv32im/ilp32/libgcc.a(divdf3.o)

.rodata.__muldf3
                0x0000000000015b38       0x40
 .rodata.__muldf3
                0x0000000000015b38       0x40 /home/caroles/xpack-riscv-none-embed-gcc-10.2.0-1.2/bin/../lib/gcc/riscv-none-embed/10.2.0/rv32im/ilp32/libgcc.a(muldf3.o)

.rodata.__multf3
                0x0000000000015b78       0x40
 .rodata.__multf3
                0x0000000000015b78       0x40 /home/caroles/xpack-riscv-none-embed-gcc-10.2.0-1.2/bin/../lib/gcc/riscv-none-embed/10.2.0/rv32im/ilp32/libgcc.a(multf3.o)

.rodata.__clz_tab
                0x0000000000015bb8      0x100
 .rodata.__clz_tab
                0x0000000000015bb8      0x100 /home/caroles/xpack-riscv-none-embed-gcc-10.2.0-1.2/bin/../lib/gcc/riscv-none-embed/10.2.0/rv32im/ilp32/libgcc.a(_clz.o)
                0x0000000000015bb8                __clz_tab

.rela.dyn       0x0000000000015cb8        0x0
 .rela.text     0x0000000000015cb8        0x0 /home/caroles/xpack-riscv-none-embed-gcc-10.2.0-1.2/bin/../lib/gcc/riscv-none-embed/10.2.0/../../../../riscv-none-embed/lib/rv32im/ilp32/crt0.o
 .rela.text.__do_global_dtors_aux
                0x0000000000015cb8        0x0 /home/caroles/xpack-riscv-none-embed-gcc-10.2.0-1.2/bin/../lib/gcc/riscv-none-embed/10.2.0/../../../../riscv-none-embed/lib/rv32im/ilp32/crt0.o
 .rela.text.frame_dummy
                0x0000000000015cb8        0x0 /home/caroles/xpack-riscv-none-embed-gcc-10.2.0-1.2/bin/../lib/gcc/riscv-none-embed/10.2.0/../../../../riscv-none-embed/lib/rv32im/ilp32/crt0.o
 .rela.init     0x0000000000015cb8        0x0 /home/caroles/xpack-riscv-none-embed-gcc-10.2.0-1.2/bin/../lib/gcc/riscv-none-embed/10.2.0/../../../../riscv-none-embed/lib/rv32im/ilp32/crt0.o
 .rela.text.__libc_init_array
                0x0000000000015cb8        0x0 /home/caroles/xpack-riscv-none-embed-gcc-10.2.0-1.2/bin/../lib/gcc/riscv-none-embed/10.2.0/../../../../riscv-none-embed/lib/rv32im/ilp32/crt0.o
 .rela.text.startup.register_fini
                0x0000000000015cb8        0x0 /home/caroles/xpack-riscv-none-embed-gcc-10.2.0-1.2/bin/../lib/gcc/riscv-none-embed/10.2.0/../../../../riscv-none-embed/lib/rv32im/ilp32/crt0.o
 .rela.text.__libc_fini_array
                0x0000000000015cb8        0x0 /home/caroles/xpack-riscv-none-embed-gcc-10.2.0-1.2/bin/../lib/gcc/riscv-none-embed/10.2.0/../../../../riscv-none-embed/lib/rv32im/ilp32/crt0.o

.data           0x0000000002000000      0x9a8 load address 0x0000000000015cb8
                0x0000000000015cb8                _data_lma = LOADADDR (.data)
                0x0000000002000000                _data = .
                0x0000000002000000                __global_pointer$ = .
 *(.data .data.*)
 .data          0x0000000002000000        0x0 /home/caroles/xpack-riscv-none-embed-gcc-10.2.0-1.2/bin/../lib/gcc/riscv-none-embed/10.2.0/../../../../riscv-none-embed/lib/rv32im/ilp32/crt0.o
 .data          0x0000000002000000        0x0 /home/caroles/xpack-riscv-none-embed-gcc-10.2.0-1.2/bin/../lib/gcc/riscv-none-embed/10.2.0/rv32im/ilp32/crtbegin.o
 .data          0x0000000002000000        0x0 main_fir_filt.o
 .data          0x0000000002000000        0x0 start.o
 .data          0x0000000002000000        0x0 ../_core/syscalls.o
 .data          0x0000000002000000        0x0 ../_core/utils.o
 .data          0x0000000002000000        0x0 fir_filt.o
 .data          0x0000000002000000        0x0 /home/caroles/xpack-riscv-none-embed-gcc-10.2.0-1.2/bin/../lib/gcc/riscv-none-embed/10.2.0/../../../../riscv-none-embed/lib/rv32im/ilp32/libg.a(lib_a-errno.o)
 .data          0x0000000002000000        0x0 /home/caroles/xpack-riscv-none-embed-gcc-10.2.0-1.2/bin/../lib/gcc/riscv-none-embed/10.2.0/../../../../riscv-none-embed/lib/rv32im/ilp32/libg.a(lib_a-exit.o)
 .data          0x0000000002000000        0x0 /home/caroles/xpack-riscv-none-embed-gcc-10.2.0-1.2/bin/../lib/gcc/riscv-none-embed/10.2.0/../../../../riscv-none-embed/lib/rv32im/ilp32/libg.a(lib_a-impure.o)
 .data.impure_data
                0x0000000002000000      0x428 /home/caroles/xpack-riscv-none-embed-gcc-10.2.0-1.2/bin/../lib/gcc/riscv-none-embed/10.2.0/../../../../riscv-none-embed/lib/rv32im/ilp32/libg.a(lib_a-impure.o)
 .data          0x0000000002000428        0x0 /home/caroles/xpack-riscv-none-embed-gcc-10.2.0-1.2/bin/../lib/gcc/riscv-none-embed/10.2.0/../../../../riscv-none-embed/lib/rv32im/ilp32/libg.a(lib_a-init.o)
 .data          0x0000000002000428        0x0 /home/caroles/xpack-riscv-none-embed-gcc-10.2.0-1.2/bin/../lib/gcc/riscv-none-embed/10.2.0/../../../../riscv-none-embed/lib/rv32im/ilp32/libg.a(lib_a-memcpy.o)
 .data          0x0000000002000428        0x0 /home/caroles/xpack-riscv-none-embed-gcc-10.2.0-1.2/bin/../lib/gcc/riscv-none-embed/10.2.0/../../../../riscv-none-embed/lib/rv32im/ilp32/libg.a(lib_a-memset.o)
 .data          0x0000000002000428        0x0 /home/caroles/xpack-riscv-none-embed-gcc-10.2.0-1.2/bin/../lib/gcc/riscv-none-embed/10.2.0/../../../../riscv-none-embed/lib/rv32im/ilp32/libg.a(lib_a-printf.o)
 .data          0x0000000002000428        0x0 /home/caroles/xpack-riscv-none-embed-gcc-10.2.0-1.2/bin/../lib/gcc/riscv-none-embed/10.2.0/../../../../riscv-none-embed/lib/rv32im/ilp32/libg.a(lib_a-vfprintf.o)
 .data          0x0000000002000428        0x0 /home/caroles/xpack-riscv-none-embed-gcc-10.2.0-1.2/bin/../lib/gcc/riscv-none-embed/10.2.0/../../../../riscv-none-embed/lib/rv32im/ilp32/libg.a(lib_a-wsetup.o)
 .data          0x0000000002000428        0x0 /home/caroles/xpack-riscv-none-embed-gcc-10.2.0-1.2/bin/../lib/gcc/riscv-none-embed/10.2.0/../../../../riscv-none-embed/lib/rv32im/ilp32/libg.a(lib_a-__call_atexit.o)
 .data          0x0000000002000428        0x0 /home/caroles/xpack-riscv-none-embed-gcc-10.2.0-1.2/bin/../lib/gcc/riscv-none-embed/10.2.0/../../../../riscv-none-embed/lib/rv32im/ilp32/libg.a(lib_a-fflush.o)
 .data          0x0000000002000428        0x0 /home/caroles/xpack-riscv-none-embed-gcc-10.2.0-1.2/bin/../lib/gcc/riscv-none-embed/10.2.0/../../../../riscv-none-embed/lib/rv32im/ilp32/libg.a(lib_a-findfp.o)
 .data          0x0000000002000428        0x0 /home/caroles/xpack-riscv-none-embed-gcc-10.2.0-1.2/bin/../lib/gcc/riscv-none-embed/10.2.0/../../../../riscv-none-embed/lib/rv32im/ilp32/libg.a(lib_a-fini.o)
 .data          0x0000000002000428        0x0 /home/caroles/xpack-riscv-none-embed-gcc-10.2.0-1.2/bin/../lib/gcc/riscv-none-embed/10.2.0/../../../../riscv-none-embed/lib/rv32im/ilp32/libg.a(lib_a-freer.o)
 .data          0x0000000002000428        0x0 /home/caroles/xpack-riscv-none-embed-gcc-10.2.0-1.2/bin/../lib/gcc/riscv-none-embed/10.2.0/../../../../riscv-none-embed/lib/rv32im/ilp32/libg.a(lib_a-fwalk.o)
 .data          0x0000000002000428        0x0 /home/caroles/xpack-riscv-none-embed-gcc-10.2.0-1.2/bin/../lib/gcc/riscv-none-embed/10.2.0/../../../../riscv-none-embed/lib/rv32im/ilp32/libg.a(lib_a-ldtoa.o)
 .data          0x0000000002000428        0x0 /home/caroles/xpack-riscv-none-embed-gcc-10.2.0-1.2/bin/../lib/gcc/riscv-none-embed/10.2.0/../../../../riscv-none-embed/lib/rv32im/ilp32/libg.a(lib_a-localeconv.o)
 .data          0x0000000002000428        0x0 /home/caroles/xpack-riscv-none-embed-gcc-10.2.0-1.2/bin/../lib/gcc/riscv-none-embed/10.2.0/../../../../riscv-none-embed/lib/rv32im/ilp32/libg.a(lib_a-locale.o)
 .data.__global_locale
                0x0000000002000428      0x16c /home/caroles/xpack-riscv-none-embed-gcc-10.2.0-1.2/bin/../lib/gcc/riscv-none-embed/10.2.0/../../../../riscv-none-embed/lib/rv32im/ilp32/libg.a(lib_a-locale.o)
                0x0000000002000428                __global_locale
 .data          0x0000000002000594        0x0 /home/caroles/xpack-riscv-none-embed-gcc-10.2.0-1.2/bin/../lib/gcc/riscv-none-embed/10.2.0/../../../../riscv-none-embed/lib/rv32im/ilp32/libg.a(lib_a-makebuf.o)
 .data          0x0000000002000594        0x0 /home/caroles/xpack-riscv-none-embed-gcc-10.2.0-1.2/bin/../lib/gcc/riscv-none-embed/10.2.0/../../../../riscv-none-embed/lib/rv32im/ilp32/libg.a(lib_a-mallocr.o)
 .data.__malloc_av_
                0x0000000002000594      0x408 /home/caroles/xpack-riscv-none-embed-gcc-10.2.0-1.2/bin/../lib/gcc/riscv-none-embed/10.2.0/../../../../riscv-none-embed/lib/rv32im/ilp32/libg.a(lib_a-mallocr.o)
                0x0000000002000594                __malloc_av_
 .data          0x000000000200099c        0x0 /home/caroles/xpack-riscv-none-embed-gcc-10.2.0-1.2/bin/../lib/gcc/riscv-none-embed/10.2.0/../../../../riscv-none-embed/lib/rv32im/ilp32/libg.a(lib_a-mbtowc_r.o)
 .data          0x000000000200099c        0x0 /home/caroles/xpack-riscv-none-embed-gcc-10.2.0-1.2/bin/../lib/gcc/riscv-none-embed/10.2.0/../../../../riscv-none-embed/lib/rv32im/ilp32/libg.a(lib_a-memchr.o)
 .data          0x000000000200099c        0x0 /home/caroles/xpack-riscv-none-embed-gcc-10.2.0-1.2/bin/../lib/gcc/riscv-none-embed/10.2.0/../../../../riscv-none-embed/lib/rv32im/ilp32/libg.a(lib_a-mlock.o)
 .data          0x000000000200099c        0x0 /home/caroles/xpack-riscv-none-embed-gcc-10.2.0-1.2/bin/../lib/gcc/riscv-none-embed/10.2.0/../../../../riscv-none-embed/lib/rv32im/ilp32/libg.a(lib_a-mprec.o)
 .data          0x000000000200099c        0x0 /home/caroles/xpack-riscv-none-embed-gcc-10.2.0-1.2/bin/../lib/gcc/riscv-none-embed/10.2.0/../../../../riscv-none-embed/lib/rv32im/ilp32/libg.a(lib_a-sbrkr.o)
 .data          0x000000000200099c        0x0 /home/caroles/xpack-riscv-none-embed-gcc-10.2.0-1.2/bin/../lib/gcc/riscv-none-embed/10.2.0/../../../../riscv-none-embed/lib/rv32im/ilp32/libg.a(lib_a-s_frexp.o)
 .data          0x000000000200099c        0x0 /home/caroles/xpack-riscv-none-embed-gcc-10.2.0-1.2/bin/../lib/gcc/riscv-none-embed/10.2.0/../../../../riscv-none-embed/lib/rv32im/ilp32/libg.a(lib_a-sprintf.o)
 .data          0x000000000200099c        0x0 /home/caroles/xpack-riscv-none-embed-gcc-10.2.0-1.2/bin/../lib/gcc/riscv-none-embed/10.2.0/../../../../riscv-none-embed/lib/rv32im/ilp32/libg.a(lib_a-stdio.o)
 .data          0x000000000200099c        0x0 /home/caroles/xpack-riscv-none-embed-gcc-10.2.0-1.2/bin/../lib/gcc/riscv-none-embed/10.2.0/../../../../riscv-none-embed/lib/rv32im/ilp32/libg.a(lib_a-strcmp.o)
 .data          0x000000000200099c        0x0 /home/caroles/xpack-riscv-none-embed-gcc-10.2.0-1.2/bin/../lib/gcc/riscv-none-embed/10.2.0/../../../../riscv-none-embed/lib/rv32im/ilp32/libg.a(lib_a-strcpy.o)
 .data          0x000000000200099c        0x0 /home/caroles/xpack-riscv-none-embed-gcc-10.2.0-1.2/bin/../lib/gcc/riscv-none-embed/10.2.0/../../../../riscv-none-embed/lib/rv32im/ilp32/libg.a(lib_a-strlen.o)
 .data          0x000000000200099c        0x0 /home/caroles/xpack-riscv-none-embed-gcc-10.2.0-1.2/bin/../lib/gcc/riscv-none-embed/10.2.0/../../../../riscv-none-embed/lib/rv32im/ilp32/libg.a(lib_a-strncpy.o)
 .data          0x000000000200099c        0x0 /home/caroles/xpack-riscv-none-embed-gcc-10.2.0-1.2/bin/../lib/gcc/riscv-none-embed/10.2.0/../../../../riscv-none-embed/lib/rv32im/ilp32/libg.a(lib_a-svfprintf.o)
 .data          0x000000000200099c        0x0 /home/caroles/xpack-riscv-none-embed-gcc-10.2.0-1.2/bin/../lib/gcc/riscv-none-embed/10.2.0/../../../../riscv-none-embed/lib/rv32im/ilp32/libg.a(lib_a-vfiprintf.o)
 .data          0x000000000200099c        0x0 /home/caroles/xpack-riscv-none-embed-gcc-10.2.0-1.2/bin/../lib/gcc/riscv-none-embed/10.2.0/../../../../riscv-none-embed/lib/rv32im/ilp32/libg.a(lib_a-wctomb_r.o)